Archive member included to satisfy reference by file (symbol)

C:/ST/STM32CubeIDE_1.18.0/STM32CubeIDE/plugins/com.st.stm32cube.ide.mcu.externaltools.gnu-tools-for-stm32.13.3.rel1.win32_1.0.100.202509120712/tools/bin/../lib/gcc/arm-none-eabi/13.3.1/../../../../arm-none-eabi/lib/thumb/v7e-m+fp/hard\libc_nano.a(libc_a-exit.o)
                              C:/ST/STM32CubeIDE_1.18.0/STM32CubeIDE/plugins/com.st.stm32cube.ide.mcu.externaltools.gnu-tools-for-stm32.13.3.rel1.win32_1.0.100.202509120712/tools/bin/../lib/gcc/arm-none-eabi/13.3.1/../../../../arm-none-eabi/lib/thumb/v7e-m+fp/hard/crt0.o (exit)
C:/ST/STM32CubeIDE_1.18.0/STM32CubeIDE/plugins/com.st.stm32cube.ide.mcu.externaltools.gnu-tools-for-stm32.13.3.rel1.win32_1.0.100.202509120712/tools/bin/../lib/gcc/arm-none-eabi/13.3.1/../../../../arm-none-eabi/lib/thumb/v7e-m+fp/hard\libc_nano.a(libc_a-findfp.o)
                              C:/ST/STM32CubeIDE_1.18.0/STM32CubeIDE/plugins/com.st.stm32cube.ide.mcu.externaltools.gnu-tools-for-stm32.13.3.rel1.win32_1.0.100.202509120712/tools/bin/../lib/gcc/arm-none-eabi/13.3.1/../../../../arm-none-eabi/lib/thumb/v7e-m+fp/hard\libc_nano.a(libc_a-exit.o) (__stdio_exit_handler)
C:/ST/STM32CubeIDE_1.18.0/STM32CubeIDE/plugins/com.st.stm32cube.ide.mcu.externaltools.gnu-tools-for-stm32.13.3.rel1.win32_1.0.100.202509120712/tools/bin/../lib/gcc/arm-none-eabi/13.3.1/../../../../arm-none-eabi/lib/thumb/v7e-m+fp/hard\libc_nano.a(libc_a-fwalk.o)
                              C:/ST/STM32CubeIDE_1.18.0/STM32CubeIDE/plugins/com.st.stm32cube.ide.mcu.externaltools.gnu-tools-for-stm32.13.3.rel1.win32_1.0.100.202509120712/tools/bin/../lib/gcc/arm-none-eabi/13.3.1/../../../../arm-none-eabi/lib/thumb/v7e-m+fp/hard\libc_nano.a(libc_a-findfp.o) (_fwalk_sglue)
C:/ST/STM32CubeIDE_1.18.0/STM32CubeIDE/plugins/com.st.stm32cube.ide.mcu.externaltools.gnu-tools-for-stm32.13.3.rel1.win32_1.0.100.202509120712/tools/bin/../lib/gcc/arm-none-eabi/13.3.1/../../../../arm-none-eabi/lib/thumb/v7e-m+fp/hard\libc_nano.a(libc_a-stdio.o)
                              C:/ST/STM32CubeIDE_1.18.0/STM32CubeIDE/plugins/com.st.stm32cube.ide.mcu.externaltools.gnu-tools-for-stm32.13.3.rel1.win32_1.0.100.202509120712/tools/bin/../lib/gcc/arm-none-eabi/13.3.1/../../../../arm-none-eabi/lib/thumb/v7e-m+fp/hard\libc_nano.a(libc_a-findfp.o) (__sread)
C:/ST/STM32CubeIDE_1.18.0/STM32CubeIDE/plugins/com.st.stm32cube.ide.mcu.externaltools.gnu-tools-for-stm32.13.3.rel1.win32_1.0.100.202509120712/tools/bin/../lib/gcc/arm-none-eabi/13.3.1/../../../../arm-none-eabi/lib/thumb/v7e-m+fp/hard\libc_nano.a(libc_a-memset.o)
                              C:/ST/STM32CubeIDE_1.18.0/STM32CubeIDE/plugins/com.st.stm32cube.ide.mcu.externaltools.gnu-tools-for-stm32.13.3.rel1.win32_1.0.100.202509120712/tools/bin/../lib/gcc/arm-none-eabi/13.3.1/../../../../arm-none-eabi/lib/thumb/v7e-m+fp/hard/crt0.o (memset)
C:/ST/STM32CubeIDE_1.18.0/STM32CubeIDE/plugins/com.st.stm32cube.ide.mcu.externaltools.gnu-tools-for-stm32.13.3.rel1.win32_1.0.100.202509120712/tools/bin/../lib/gcc/arm-none-eabi/13.3.1/../../../../arm-none-eabi/lib/thumb/v7e-m+fp/hard\libc_nano.a(libc_a-closer.o)
                              C:/ST/STM32CubeIDE_1.18.0/STM32CubeIDE/plugins/com.st.stm32cube.ide.mcu.externaltools.gnu-tools-for-stm32.13.3.rel1.win32_1.0.100.202509120712/tools/bin/../lib/gcc/arm-none-eabi/13.3.1/../../../../arm-none-eabi/lib/thumb/v7e-m+fp/hard\libc_nano.a(libc_a-stdio.o) (_close_r)
C:/ST/STM32CubeIDE_1.18.0/STM32CubeIDE/plugins/com.st.stm32cube.ide.mcu.externaltools.gnu-tools-for-stm32.13.3.rel1.win32_1.0.100.202509120712/tools/bin/../lib/gcc/arm-none-eabi/13.3.1/../../../../arm-none-eabi/lib/thumb/v7e-m+fp/hard\libc_nano.a(libc_a-reent.o)
                              C:/ST/STM32CubeIDE_1.18.0/STM32CubeIDE/plugins/com.st.stm32cube.ide.mcu.externaltools.gnu-tools-for-stm32.13.3.rel1.win32_1.0.100.202509120712/tools/bin/../lib/gcc/arm-none-eabi/13.3.1/../../../../arm-none-eabi/lib/thumb/v7e-m+fp/hard\libc_nano.a(libc_a-closer.o) (errno)
C:/ST/STM32CubeIDE_1.18.0/STM32CubeIDE/plugins/com.st.stm32cube.ide.mcu.externaltools.gnu-tools-for-stm32.13.3.rel1.win32_1.0.100.202509120712/tools/bin/../lib/gcc/arm-none-eabi/13.3.1/../../../../arm-none-eabi/lib/thumb/v7e-m+fp/hard\libc_nano.a(libc_a-impure.o)
                              C:/ST/STM32CubeIDE_1.18.0/STM32CubeIDE/plugins/com.st.stm32cube.ide.mcu.externaltools.gnu-tools-for-stm32.13.3.rel1.win32_1.0.100.202509120712/tools/bin/../lib/gcc/arm-none-eabi/13.3.1/../../../../arm-none-eabi/lib/thumb/v7e-m+fp/hard\libc_nano.a(libc_a-reent.o) (_impure_ptr)
C:/ST/STM32CubeIDE_1.18.0/STM32CubeIDE/plugins/com.st.stm32cube.ide.mcu.externaltools.gnu-tools-for-stm32.13.3.rel1.win32_1.0.100.202509120712/tools/bin/../lib/gcc/arm-none-eabi/13.3.1/../../../../arm-none-eabi/lib/thumb/v7e-m+fp/hard\libc_nano.a(libc_a-lseekr.o)
[...]
Memory Configuration

Name             Origin             Length             Attributes
RAM              0x20000000         0x00050000         xrw
FLASH            0x08000000         0x00100000         xr
*default*        0x00000000         0xffffffff

Linker script and memory map

LOAD C:/ST/STM32CubeIDE_1.18.0/STM32CubeIDE/plugins/com.st.stm32cube.ide.mcu.externaltools.gnu-tools-for-stm32.13.3.rel1.win32_1.0.100.202509120712/tools/bin/../lib/gcc/arm-none-eabi/13.3.1/thumb/v7e-m+fp/hard/crti.o
LOAD C:/ST/STM32CubeIDE_1.18.0/STM32CubeIDE/plugins/com.st.stm32cube.ide.mcu.externaltools.gnu-tools-for-stm32.13.3.rel1.win32_1.0.100.202509120712/tools/bin/../lib/gcc/arm-none-eabi/13.3.1/thumb/v7e-m+fp/hard/crtbegin.o
LOAD C:/ST/STM32CubeIDE_1.18.0/STM32CubeIDE/plugins/com.st.stm32cube.ide.mcu.externaltools.gnu-tools-for-stm32.13.3.rel1.win32_1.0.100.202509120712/tools/bin/../lib/gcc/arm-none-eabi/13.3.1/../../../../arm-none-eabi/lib/thumb/v7e-m+fp/hard/crt0.o
LOAD ./Core/Src/main.o
LOAD ./Core/Src/stm32f7xx_hal_msp.o
LOAD ./Core/Src/stm32f7xx_it.o
LOAD ./Core/Src/syscalls.o
LOAD ./Core/Src/sysmem.o
LOAD ./Core/Src/system_stm32f7xx.o
LOAD ./Core/Startup/startup_stm32f746zgtx.o
LOAD ./Drivers/STM32F7xx_HAL_Driver/Src/stm32f7xx_hal.o
LOAD ./Drivers/STM32F7xx_HAL_Driver/Src/stm32f7xx_hal_adc.o
LOAD ./Drivers/STM32F7xx_HAL_Driver/Src/stm32f7xx_hal_adc_ex.o
LOAD ./Drivers/STM32F7xx_HAL_Driver/Src/stm32f7xx_hal_cortex.o
LOAD ./Drivers/STM32F7xx_HAL_Driver/Src/stm32f7xx_hal_dma.o
LOAD ./Drivers/STM32F7xx_HAL_Driver/Src/stm32f7xx_hal_dma_ex.o
LOAD ./Drivers/STM32F7xx_HAL_Driver/Src/stm32f7xx_hal_eth.o
LOAD ./Drivers/STM32F7xx_HAL_Driver/Src/stm32f7xx_hal_exti.o
LOAD ./Drivers/STM32F7xx_HAL_Driver/Src/stm32f7xx_hal_flash.o
LOAD ./Drivers/STM32F7xx_HAL_Driver/Src/stm32f7xx_hal_flash_ex.o
LOAD ./Drivers/STM32F7xx_HAL_Driver/Src/stm32f7xx_hal_gpio.o
LOAD ./Drivers/STM32F7xx_HAL_Driver/Src/stm32f7xx_hal_i2c.o
LOAD ./Drivers/STM32F7xx_HAL_Driver/Src/stm32f7xx_hal_i2c_ex.o
LOAD ./Drivers/STM32F7xx_HAL_Driver/Src/stm32f7xx_hal_pcd.o
LOAD ./Drivers/STM32F7xx_HAL_Driver/Src/stm32f7xx_hal_pcd_ex.o
LOAD ./Drivers/STM32F7xx_HAL_Driver/Src/stm32f7xx_hal_pwr.o
LOAD ./Drivers/STM32F7xx_HAL_Driver/Src/stm32f7xx_hal_pwr_ex.o
LOAD ./Drivers/STM32F7xx_HAL_Driver/Src/stm32f7xx_hal_rcc.o
LOAD ./Drivers/STM32F7xx_HAL_Driver/Src/stm32f7xx_hal_rcc_ex.o
LOAD ./Drivers/STM32F7xx_HAL_Driver/Src/stm32f7xx_hal_tim.o
LOAD ./Drivers/STM32F7xx_HAL_Driver/Src/stm32f7xx_hal_tim_ex.o
LOAD ./Drivers/STM32F7xx_HAL_Driver/Src/stm32f7xx_hal_uart.o
LOAD ./Drivers/STM32F7xx_HAL_Driver/Src/stm32f7xx_hal_uart_ex.o
LOAD ./Drivers/STM32F7xx_HAL_Driver/Src/stm32f7xx_ll_usb.o
START GROUP
LOAD C:/ST/STM32CubeIDE_1.18.0/STM32CubeIDE/plugins/com.st.stm32cube.ide.mcu.externaltools.gnu-tools-for-stm32.13.3.rel1.win32_1.0.100.202509120712/tools/bin/../lib/gcc/arm-none-eabi/13.3.1/../../../../arm-none-eabi/lib/thumb/v7e-m+fp/hard\libc_nano.a
LOAD C:/ST/STM32CubeIDE_1.18.0/STM32CubeIDE/plugins/com.st.stm32cube.ide.mcu.externaltools.gnu-tools-for-stm32.13.3.rel1.win32_1.0.100.202509120712/tools/bin/../lib/gcc/arm-none-eabi/13.3.1/../../../../arm-none-eabi/lib/thumb/v7e-m+fp/hard\libm.a
END GROUP
START GROUP
LOAD C:/ST/STM32CubeIDE_1.18.0/STM32CubeIDE/plugins/com.st.stm32cube.ide.mcu.externaltools.gnu-tools-for-stm32.13.3.rel1.win32_1.0.100.202509120712/tools/bin/../lib/gcc/arm-none-eabi/13.3.1/thumb/v7e-m+fp/hard\libgcc.a
LOAD C:/ST/STM32CubeIDE_1.18.0/STM32CubeIDE/plugins/com.st.stm32cube.ide.mcu.externaltools.gnu-tools-for-stm32.13.3.rel1.win32_1.0.100.202509120712/tools/bin/../lib/gcc/arm-none-eabi/13.3.1/../../../../arm-none-eabi/lib/thumb/v7e-m+fp/hard\libc_nano.a
END GROUP
START GROUP
LOAD C:/ST/STM32CubeIDE_1.18.0/STM32CubeIDE/plugins/com.st.stm32cube.ide.mcu.externaltools.gnu-tools-for-stm32.13.3.rel1.win32_1.0.100.202509120712/tools/bin/../lib/gcc/arm-none-eabi/13.3.1/thumb/v7e-m+fp/hard\libgcc.a
LOAD C:/ST/STM32CubeIDE_1.18.0/STM32CubeIDE/plugins/com.st.stm32cube.ide.mcu.externaltools.gnu-tools-for-stm32.13.3.rel1.win32_1.0.100.202509120712/tools/bin/../lib/gcc/arm-none-eabi/13.3.1/../../../../arm-none-eabi/lib/thumb/v7e-m+fp/hard\libc_nano.a
LOAD C:/ST/STM32CubeIDE_1.18.0/STM32CubeIDE/plugins/com.st.stm32cube.ide.mcu.externaltools.gnu-tools-for-stm32.13.3.rel1.win32_1.0.100.202509120712/tools/bin/../lib/gcc/arm-none-eabi/13.3.1/../../../../arm-none-eabi/lib/thumb/v7e-m+fp/hard\libnosys.a
END GROUP
START GROUP
LOAD C:/ST/STM32CubeIDE_1.18.0/STM32CubeIDE/plugins/com.st.stm32cube.ide.mcu.externaltools.gnu-tools-for-stm32.13.3.rel1.win32_1.0.100.202509120712/tools/bin/../lib/gcc/arm-none-eabi/13.3.1/thumb/v7e-m+fp/hard\libgcc.a
LOAD C:/ST/STM32CubeIDE_1.18.0/STM32CubeIDE/plugins/com.st.stm32cube.ide.mcu.externaltools.gnu-tools-for-stm32.13.3.rel1.win32_1.0.100.202509120712/tools/bin/../lib/gcc/arm-none-eabi/13.3.1/../../../../arm-none-eabi/lib/thumb/v7e-m+fp/hard\libc_nano.a
LOAD C:/ST/STM32CubeIDE_1.18.0/STM32CubeIDE/plugins/com.st.stm32cube.ide.mcu.externaltools.gnu-tools-for-stm32.13.3.rel1.win32_1.0.100.202509120712/tools/bin/../lib/gcc/arm-none-eabi/13.3.1/../../../../arm-none-eabi/lib/thumb/v7e-m+fp/hard\libnosys.a
END GROUP
LOAD C:/ST/STM32CubeIDE_1.18.0/STM32CubeIDE/plugins/com.st.stm32cube.ide.mcu.externaltools.gnu-tools-for-stm32.13.3.rel1.win32_1.0.100.202509120712/tools/bin/../lib/gcc/arm-none-eabi/13.3.1/thumb/v7e-m+fp/hard/crtend.o
LOAD C:/ST/STM32CubeIDE_1.18.0/STM32CubeIDE/plugins/com.st.stm32cube.ide.mcu.externaltools.gnu-tools-for-stm32.13.3.rel1.win32_1.0.100.202509120712/tools/bin/../lib/gcc/arm-none-eabi/13.3.1/thumb/v7e-m+fp/hard/crtn.o
                0x20050000                        _estack = (ORIGIN (RAM) + LENGTH (RAM))
                0x00000200                        _Min_Heap_Size = 0x200
                0x00000400                        _Min_Stack_Size = 0x400

.isr_vector     0x08000000      0x1c8
                0x08000000                        . = ALIGN (0x4)
 *(.isr_vector)
 .isr_vector    0x08000000      0x1c8 ./Core/Startup/startup_stm32f746zgtx.o
                0x08000000                g_pfnVectors
                0x080001c8                        . = ALIGN (0x4)

.text           0x080001c8     0x5b80
                0x080001c8                        . = ALIGN (0x4)
 *(.text)
 .text          0x080001c8       0x40 C:/ST/STM32CubeIDE_1.18.0/STM32CubeIDE/plugins/com.st.stm32cube.ide.mcu.externaltools.gnu-tools-for-stm32.13.3.rel1.win32_1.0.100.202509120712/tools/bin/../lib/gcc/arm-none-eabi/13.3.1/thumb/v7e-m+fp/hard/crtbegin.o
 .text          0x08000208       0x30 C:/ST/STM32CubeIDE_1.18.0/STM32CubeIDE/plugins/com.st.stm32cube.ide.mcu.externaltools.gnu-tools-for-stm32.13.3.rel1.win32_1.0.100.202509120712/tools/bin/../lib/gcc/arm-none-eabi/13.3.1/thumb/v7e-m+fp/hard\libgcc.a(_aeabi_uldivmod.o)
                0x08000208                __aeabi_uldivmod
 .text          0x08000238      0x2f8 C:/ST/STM32CubeIDE_1.18.0/STM32CubeIDE/plugins/com.st.stm32cube.ide.mcu.externaltools.gnu-tools-for-stm32.13.3.rel1.win32_1.0.100.202509120712/tools/bin/../lib/gcc/arm-none-eabi/13.3.1/thumb/v7e-m+fp/hard\libgcc.a(_udivmoddi4.o)
                0x08000238                __udivmoddi4
 .text          0x08000530        0x4 C:/ST/STM32CubeIDE_1.18.0/STM32CubeIDE/plugins/com.st.stm32cube.ide.mcu.externaltools.gnu-tools-for-stm32.13.3.rel1.win32_1.0.100.202509120712/tools/bin/../lib/gcc/arm-none-eabi/13.3.1/thumb/v7e-m+fp/hard\libgcc.a(_dvmd_tls.o)
                0x08000530                __aeabi_idiv0
                0x08000530                __aeabi_ldiv0
 *(.text*)
 .text.main     0x08000534       0x54 ./Core/Src/main.o
                0x08000534                main
 .text.SystemClock_Config
                0x08000588       0xd0 ./Core/Src/main.o
                0x08000588                SystemClock_Config
 .text.MX_ADC3_Init
                0x08000658       0xa4 ./Core/Src/main.o
 .text.MX_ETH_Init
                0x080006fc       0x9c ./Core/Src/main.o
 .text.MX_I2C1_Init
                0x08000798       0x80 ./Core/Src/main.o
 .text.MX_TIM1_Init
                0x08000818       0xa8 ./Core/Src/main.o
 .text.MX_TIM3_Init
                0x080008c0       0x9c ./Core/Src/main.o
 .text.MX_TIM4_Init
                0x0800095c       0xa0 ./Core/Src/main.o
 .text.MX_USART3_UART_Init
                0x080009fc       0x60 ./Core/Src/main.o
 .text.MX_USB_OTG_FS_PCD_Init
                0x08000a5c       0x5c ./Core/Src/main.o
 .text.MX_GPIO_Init
                0x08000ab8      0x214 ./Core/Src/main.o
 .text.crc8     0x08000ccc       0x7a ./Core/Src/main.o
                0x08000ccc                crc8
 *fill*         0x08000d46        0x2 
 .text.crcCalc  0x08000d48       0xfc ./Core/Src/main.o
                0x08000d48                crcCalc
 .text.HAL_TIM_PeriodElapsedCallback
                0x08000e44      0x6c4 ./Core/Src/main.o
                0x08000e44                HAL_TIM_PeriodElapsedCallback
 .text.Error_Handler
                0x08001508        0xc ./Core/Src/main.o
                0x08001508                Error_Handler
 .text.HAL_MspInit
                0x08001514       0x48 ./Core/Src/stm32f7xx_hal_msp.o
                0x08001514                HAL_MspInit
 .text.HAL_ADC_MspInit
                0x0800155c       0x80 ./Core/Src/stm32f7xx_hal_msp.o
                0x0800155c                HAL_ADC_MspInit
 .text.HAL_ETH_MspInit
                0x080015dc      0x170 ./Core/Src/stm32f7xx_hal_msp.o
                0x080015dc                HAL_ETH_MspInit
 .text.HAL_I2C_MspInit
                0x0800174c       0xc0 ./Core/Src/stm32f7xx_hal_msp.o
                0x0800174c                HAL_I2C_MspInit
 .text.HAL_TIM_Base_MspInit
                0x0800180c       0xac ./Core/Src/stm32f7xx_hal_msp.o
                0x0800180c                HAL_TIM_Base_MspInit
 .text.HAL_UART_MspInit
                0x080018b8       0xc0 ./Core/Src/stm32f7xx_hal_msp.o
                0x080018b8                HAL_UART_MspInit
 .text.HAL_PCD_MspInit
                0x08001978       0xf4 ./Core/Src/stm32f7xx_hal_msp.o
                0x08001978                HAL_PCD_MspInit
 .text.NMI_Handler
                0x08001a6c        0x8 ./Core/Src/stm32f7xx_it.o
                0x08001a6c                NMI_Handler
 .text.HardFault_Handler
                0x08001a74        0x8 ./Core/Src/stm32f7xx_it.o
                0x08001a74                HardFault_Handler
 .text.MemManage_Handler
                0x08001a7c        0x8 ./Core/Src/stm32f7xx_it.o
                0x08001a7c                MemManage_Handler
 .text.BusFault_Handler
                0x08001a84        0x8 ./Core/Src/stm32f7xx_it.o
                0x08001a84                BusFault_Handler
 .text.UsageFault_Handler
                0x08001a8c        0x8 ./Core/Src/stm32f7xx_it.o
                0x08001a8c                UsageFault_Handler
 .text.SVC_Handler
                0x08001a94        0xe ./Core/Src/stm32f7xx_it.o
                0x08001a94                SVC_Handler
 .text.DebugMon_Handler
                0x08001aa2        0xe ./Core/Src/stm32f7xx_it.o
                0x08001aa2                DebugMon_Handler
 .text.PendSV_Handler
                0x08001ab0        0xe ./Core/Src/stm32f7xx_it.o
                0x08001ab0                PendSV_Handler
 .text.SysTick_Handler
                0x08001abe        0xc ./Core/Src/stm32f7xx_it.o
                0x08001abe                SysTick_Handler
 *fill*         0x08001aca        0x2 
 .text.TIM3_IRQHandler
                0x08001acc       0x14 ./Core/Src/stm32f7xx_it.o
                0x08001acc                TIM3_IRQHandler
 .text.TIM4_IRQHandler
                0x08001ae0       0x14 ./Core/Src/stm32f7xx_it.o
                0x08001ae0                TIM4_IRQHandler
 .text.SystemInit
                0x08001af4       0x24 ./Core/Src/system_stm32f7xx.o
                0x08001af4                SystemInit
 .text.Reset_Handler
                0x08001b18       0x50 ./Core/Startup/startup_stm32f746zgtx.o
                0x08001b18                Reset_Handler
 .text.Default_Handler
                0x08001b68        0x2 ./Core/Startup/startup_stm32f746zgtx.o
                0x08001b68                RTC_Alarm_IRQHandler
                0x08001b68                EXTI2_IRQHandler
                0x08001b68                TIM8_CC_IRQHandler
                0x08001b68                UART8_IRQHandler
                0x08001b68                SPI4_IRQHandler
                0x08001b68                TIM1_CC_IRQHandler
                0x08001b68                DMA2_Stream5_IRQHandler
                0x08001b68                DMA1_Stream5_IRQHandler
                0x08001b68                PVD_IRQHandler
                0x08001b68                TAMP_STAMP_IRQHandler
                0x08001b68                CAN2_RX1_IRQHandler
                0x08001b68                EXTI3_IRQHandler
                0x08001b68                TIM8_TRG_COM_TIM14_IRQHandler
                0x08001b68                TIM1_UP_TIM10_IRQHandler
                0x08001b68                TIM8_UP_TIM13_IRQHandler
                0x08001b68                I2C3_ER_IRQHandler
                0x08001b68                EXTI0_IRQHandler
                0x08001b68                I2C2_EV_IRQHandler
                0x08001b68                DMA1_Stream2_IRQHandler
                0x08001b68                CAN1_RX0_IRQHandler
                0x08001b68                FPU_IRQHandler
                0x08001b68                OTG_HS_WKUP_IRQHandler
                0x08001b68                LTDC_ER_IRQHandler
                0x08001b68                CAN2_SCE_IRQHandler
                0x08001b68                DMA2_Stream2_IRQHandler
                0x08001b68                SPI1_IRQHandler
                0x08001b68                TIM6_DAC_IRQHandler
                0x08001b68                TIM1_BRK_TIM9_IRQHandler
                0x08001b68                DCMI_IRQHandler
                0x08001b68                CAN2_RX0_IRQHandler
                0x08001b68                DMA2_Stream3_IRQHandler
                0x08001b68                SAI2_IRQHandler
                0x08001b68                USART6_IRQHandler
                0x08001b68                USART3_IRQHandler
                0x08001b68                CAN1_RX1_IRQHandler
                0x08001b68                UART5_IRQHandler
                0x08001b68                DMA2_Stream0_IRQHandler
                0x08001b68                QUADSPI_IRQHandler
                0x08001b68                I2C1_EV_IRQHandler
                0x08001b68                DMA1_Stream6_IRQHandler
                0x08001b68                DMA1_Stream1_IRQHandler
                0x08001b68                UART4_IRQHandler
                0x08001b68                RCC_IRQHandler
                0x08001b68                TIM8_BRK_TIM12_IRQHandler
                0x08001b68                Default_Handler
                0x08001b68                CEC_IRQHandler
                0x08001b68                EXTI15_10_IRQHandler
                0x08001b68                ADC_IRQHandler
                0x08001b68                DMA1_Stream7_IRQHandler
                0x08001b68                SPI5_IRQHandler
                0x08001b68                TIM7_IRQHandler
                0x08001b68                SDMMC1_IRQHandler
                0x08001b68                CAN2_TX_IRQHandler
                0x08001b68                TIM5_IRQHandler
                0x08001b68                DMA2_Stream7_IRQHandler
                0x08001b68                I2C3_EV_IRQHandler
                0x08001b68                EXTI9_5_IRQHandler
                0x08001b68                RTC_WKUP_IRQHandler
                0x08001b68                LTDC_IRQHandler
                0x08001b68                ETH_WKUP_IRQHandler
                0x08001b68                SPDIF_RX_IRQHandler
                0x08001b68                SPI2_IRQHandler
                0x08001b68                OTG_HS_EP1_IN_IRQHandler
                0x08001b68                DMA1_Stream0_IRQHandler
                0x08001b68                CAN1_TX_IRQHandler
                0x08001b68                EXTI4_IRQHandler
                0x08001b68                RNG_IRQHandler
                0x08001b68                ETH_IRQHandler
                0x08001b68                OTG_HS_EP1_OUT_IRQHandler
                0x08001b68                WWDG_IRQHandler
                0x08001b68                SPI6_IRQHandler
                0x08001b68                I2C4_EV_IRQHandler
                0x08001b68                TIM2_IRQHandler
                0x08001b68                OTG_FS_WKUP_IRQHandler
                0x08001b68                TIM1_TRG_COM_TIM11_IRQHandler
                0x08001b68                OTG_HS_IRQHandler
                0x08001b68                DMA2D_IRQHandler
                0x08001b68                EXTI1_IRQHandler
                0x08001b68                UART7_IRQHandler
                0x08001b68                USART2_IRQHandler
                0x08001b68                I2C2_ER_IRQHandler
                0x08001b68                DMA2_Stream1_IRQHandler
                0x08001b68                CAN1_SCE_IRQHandler
                0x08001b68                FLASH_IRQHandler
                0x08001b68                DMA2_Stream4_IRQHandler
                0x08001b68                USART1_IRQHandler
                0x08001b68                OTG_FS_IRQHandler
                0x08001b68                SPI3_IRQHandler
                0x08001b68                DMA1_Stream4_IRQHandler
                0x08001b68                I2C1_ER_IRQHandler
                0x08001b68                FMC_IRQHandler
                0x08001b68                LPTIM1_IRQHandler
                0x08001b68                I2C4_ER_IRQHandler
                0x08001b68                DMA2_Stream6_IRQHandler
                0x08001b68                SAI1_IRQHandler
                0x08001b68                DMA1_Stream3_IRQHandler
 .text.HAL_Init
                0x08001b6a       0x1a ./Drivers/STM32F7xx_HAL_Driver/Src/stm32f7xx_hal.o
                0x08001b6a                HAL_Init
 .text.HAL_InitTick
                0x08001b84       0x60 ./Drivers/STM32F7xx_HAL_Driver/Src/stm32f7xx_hal.o
                0x08001b84                HAL_InitTick
 .text.HAL_IncTick
                0x08001be4       0x28 ./Drivers/STM32F7xx_HAL_Driver/Src/stm32f7xx_hal.o
                0x08001be4                HAL_IncTick
 .text.HAL_GetTick
                0x08001c0c       0x18 ./Drivers/STM32F7xx_HAL_Driver/Src/stm32f7xx_hal.o
                0x08001c0c                HAL_GetTick
 .text.HAL_Delay
                0x08001c24       0x48 ./Drivers/STM32F7xx_HAL_Driver/Src/stm32f7xx_hal.o
                0x08001c24                HAL_Delay
 .text.HAL_ADC_Init
                0x08001c6c       0x88 ./Drivers/STM32F7xx_HAL_Driver/Src/stm32f7xx_hal_adc.o
                0x08001c6c                HAL_ADC_Init
 .text.HAL_ADC_ConfigChannel
                0x08001cf4      0x2b4 ./Drivers/STM32F7xx_HAL_Driver/Src/stm32f7xx_hal_adc.o
                0x08001cf4                HAL_ADC_ConfigChannel
 .text.ADC_Init
                0x08001fa8      0x1f4 ./Drivers/STM32F7xx_HAL_Driver/Src/stm32f7xx_hal_adc.o
 .text.__NVIC_SetPriorityGrouping
                0x0800219c       0x48 ./Drivers/STM32F7xx_HAL_Driver/Src/stm32f7xx_hal_cortex.o
 .text.__NVIC_GetPriorityGrouping
                0x080021e4       0x1c ./Drivers/STM32F7xx_HAL_Driver/Src/stm32f7xx_hal_cortex.o
 .text.__NVIC_EnableIRQ
                0x08002200       0x3c ./Drivers/STM32F7xx_HAL_Driver/Src/stm32f7xx_hal_cortex.o
 .text.__NVIC_SetPriority
                0x0800223c       0x54 ./Drivers/STM32F7xx_HAL_Driver/Src/stm32f7xx_hal_cortex.o
 .text.NVIC_EncodePriority
                0x08002290       0x66 ./Drivers/STM32F7xx_HAL_Driver/Src/stm32f7xx_hal_cortex.o
 *fill*         0x080022f6        0x2 
 .text.SysTick_Config
                0x080022f8       0x44 ./Drivers/STM32F7xx_HAL_Driver/Src/stm32f7xx_hal_cortex.o
 .text.HAL_NVIC_SetPriorityGrouping
                0x0800233c       0x16 ./Drivers/STM32F7xx_HAL_Driver/Src/stm32f7xx_hal_cortex.o
                0x0800233c                HAL_NVIC_SetPriorityGrouping
 .text.HAL_NVIC_SetPriority
                0x08002352       0x38 ./Drivers/STM32F7xx_HAL_Driver/Src/stm32f7xx_hal_cortex.o
                0x08002352                HAL_NVIC_SetPriority
 .text.HAL_NVIC_EnableIRQ
                0x0800238a       0x1c ./Drivers/STM32F7xx_HAL_Driver/Src/stm32f7xx_hal_cortex.o
                0x0800238a                HAL_NVIC_EnableIRQ
 .text.HAL_SYSTICK_Config
                0x080023a6       0x18 ./Drivers/STM32F7xx_HAL_Driver/Src/stm32f7xx_hal_cortex.o
                0x080023a6                HAL_SYSTICK_Config
 *fill*         0x080023be        0x2 
 .text.HAL_ETH_Init
                0x080023c0      0x134 ./Drivers/STM32F7xx_HAL_Driver/Src/stm32f7xx_hal_eth.o
                0x080023c0                HAL_ETH_Init
 .text.ETH_SetMACConfig
                0x080024f4      0x168 ./Drivers/STM32F7xx_HAL_Driver/Src/stm32f7xx_hal_eth.o
 .text.ETH_SetDMAConfig
                0x0800265c      0x114 ./Drivers/STM32F7xx_HAL_Driver/Src/stm32f7xx_hal_eth.o
 .text.ETH_MACDMAConfig
                0x08002770       0xea ./Drivers/STM32F7xx_HAL_Driver/Src/stm32f7xx_hal_eth.o
 *fill*         0x0800285a        0x2 
 .text.ETH_MACAddressConfig
                0x0800285c       0x70 ./Drivers/STM32F7xx_HAL_Driver/Src/stm32f7xx_hal_eth.o
 .text.ETH_DMATxDescListInit
                0x080028cc       0xb2 ./Drivers/STM32F7xx_HAL_Driver/Src/stm32f7xx_hal_eth.o
 .text.ETH_DMARxDescListInit
                0x0800297e       0xde ./Drivers/STM32F7xx_HAL_Driver/Src/stm32f7xx_hal_eth.o
 .text.HAL_GPIO_Init
                0x08002a5c      0x358 ./Drivers/STM32F7xx_HAL_Driver/Src/stm32f7xx_hal_gpio.o
                0x08002a5c                HAL_GPIO_Init
 .text.HAL_GPIO_ReadPin
                0x08002db4       0x30 ./Drivers/STM32F7xx_HAL_Driver/Src/stm32f7xx_hal_gpio.o
                0x08002db4                HAL_GPIO_ReadPin
 .text.HAL_GPIO_WritePin
                0x08002de4       0x32 ./Drivers/STM32F7xx_HAL_Driver/Src/stm32f7xx_hal_gpio.o
                0x08002de4                HAL_GPIO_WritePin
 *fill*         0x08002e16        0x2 
 .text.HAL_I2C_Init
                0x08002e18      0x138 ./Drivers/STM32F7xx_HAL_Driver/Src/stm32f7xx_hal_i2c.o
                0x08002e18                HAL_I2C_Init
 .text.HAL_I2CEx_ConfigAnalogFilter
                0x08002f50       0x96 ./Drivers/STM32F7xx_HAL_Driver/Src/stm32f7xx_hal_i2c_ex.o
                0x08002f50                HAL_I2CEx_ConfigAnalogFilter
 .text.HAL_I2CEx_ConfigDigitalFilter
                0x08002fe6       0x98 ./Drivers/STM32F7xx_HAL_Driver/Src/stm32f7xx_hal_i2c_ex.o
                0x08002fe6                HAL_I2CEx_ConfigDigitalFilter
 .text.HAL_PCD_Init
                0x0800307e      0x22c ./Drivers/STM32F7xx_HAL_Driver/Src/stm32f7xx_hal_pcd.o
                0x0800307e                HAL_PCD_Init
 *fill*         0x080032aa        0x2 
 .text.HAL_PCDEx_ActivateLPM
                0x080032ac       0x48 ./Drivers/STM32F7xx_HAL_Driver/Src/stm32f7xx_hal_pcd_ex.o
                0x080032ac                HAL_PCDEx_ActivateLPM
 .text.HAL_PWR_EnableBkUpAccess
                0x080032f4       0x20 ./Drivers/STM32F7xx_HAL_Driver/Src/stm32f7xx_hal_pwr.o
                0x080032f4                HAL_PWR_EnableBkUpAccess
 .text.HAL_RCC_OscConfig
                0x08003314      0x548 ./Drivers/STM32F7xx_HAL_Driver/Src/stm32f7xx_hal_rcc.o
                0x08003314                HAL_RCC_OscConfig
 .text.HAL_RCC_ClockConfig
                0x0800385c      0x1d8 ./Drivers/STM32F7xx_HAL_Driver/Src/stm32f7xx_hal_rcc.o
                0x0800385c                HAL_RCC_ClockConfig
 .text.HAL_RCC_GetSysClockFreq
                0x08003a34      0x20c ./Drivers/STM32F7xx_HAL_Driver/Src/stm32f7xx_hal_rcc.o
                0x08003a34                HAL_RCC_GetSysClockFreq
 .text.HAL_RCC_GetHCLKFreq
                0x08003c40       0x18 ./Drivers/STM32F7xx_HAL_Driver/Src/stm32f7xx_hal_rcc.o
                0x08003c40                HAL_RCC_GetHCLKFreq
 .text.HAL_RCC_GetPCLK1Freq
                0x08003c58       0x28 ./Drivers/STM32F7xx_HAL_Driver/Src/stm32f7xx_hal_rcc.o
                0x08003c58                HAL_RCC_GetPCLK1Freq
 .text.HAL_RCC_GetPCLK2Freq
                0x08003c80       0x28 ./Drivers/STM32F7xx_HAL_Driver/Src/stm32f7xx_hal_rcc.o
                0x08003c80                HAL_RCC_GetPCLK2Freq
 .text.HAL_RCCEx_PeriphCLKConfig
                0x08003ca8      0x7e0 ./Drivers/STM32F7xx_HAL_Driver/Src/stm32f7xx_hal_rcc_ex.o
                0x08003ca8                HAL_RCCEx_PeriphCLKConfig
 .text.HAL_TIM_Base_Init
                0x08004488       0xae ./Drivers/STM32F7xx_HAL_Driver/Src/stm32f7xx_hal_tim.o
                0x08004488                HAL_TIM_Base_Init
 *fill*         0x08004536        0x2 
 .text.HAL_TIM_Base_Start_IT
                0x08004538       0xf0 ./Drivers/STM32F7xx_HAL_Driver/Src/stm32f7xx_hal_tim.o
                0x08004538                HAL_TIM_Base_Start_IT
 .text.HAL_TIM_IRQHandler
                0x08004628      0x20e ./Drivers/STM32F7xx_HAL_Driver/Src/stm32f7xx_hal_tim.o
                0x08004628                HAL_TIM_IRQHandler
 *fill*         0x08004836        0x2 
 .text.HAL_TIM_ConfigClockSource
                0x08004838      0x194 ./Drivers/STM32F7xx_HAL_Driver/Src/stm32f7xx_hal_tim.o
                0x08004838                HAL_TIM_ConfigClockSource
 .text.HAL_TIM_OC_DelayElapsedCallback
                0x080049cc       0x14 ./Drivers/STM32F7xx_HAL_Driver/Src/stm32f7xx_hal_tim.o
                0x080049cc                HAL_TIM_OC_DelayElapsedCallback
 .text.HAL_TIM_IC_CaptureCallback
                0x080049e0       0x14 ./Drivers/STM32F7xx_HAL_Driver/Src/stm32f7xx_hal_tim.o
                0x080049e0                HAL_TIM_IC_CaptureCallback
 .text.HAL_TIM_PWM_PulseFinishedCallback
                0x080049f4       0x14 ./Drivers/STM32F7xx_HAL_Driver/Src/stm32f7xx_hal_tim.o
                0x080049f4                HAL_TIM_PWM_PulseFinishedCallback
 .text.HAL_TIM_TriggerCallback
                0x08004a08       0x14 ./Drivers/STM32F7xx_HAL_Driver/Src/stm32f7xx_hal_tim.o
                0x08004a08                HAL_TIM_TriggerCallback
 .text.TIM_Base_SetConfig
                0x08004a1c      0x14c ./Drivers/STM32F7xx_HAL_Driver/Src/stm32f7xx_hal_tim.o
                0x08004a1c                TIM_Base_SetConfig
 .text.TIM_TI1_ConfigInputStage
                0x08004b68       0x5e ./Drivers/STM32F7xx_HAL_Driver/Src/stm32f7xx_hal_tim.o
 .text.TIM_TI2_ConfigInputStage
                0x08004bc6       0x60 ./Drivers/STM32F7xx_HAL_Driver/Src/stm32f7xx_hal_tim.o
 .text.TIM_ITRx_SetConfig
                0x08004c26       0x36 ./Drivers/STM32F7xx_HAL_Driver/Src/stm32f7xx_hal_tim.o
 .text.TIM_ETR_SetConfig
                0x08004c5c       0x40 ./Drivers/STM32F7xx_HAL_Driver/Src/stm32f7xx_hal_tim.o
                0x08004c5c                TIM_ETR_SetConfig
 .text.HAL_TIMEx_MasterConfigSynchronization
                0x08004c9c      0x11c ./Drivers/STM32F7xx_HAL_Driver/Src/stm32f7xx_hal_tim_ex.o
                0x08004c9c                HAL_TIMEx_MasterConfigSynchronization
 .text.HAL_TIMEx_CommutCallback
                0x08004db8       0x14 ./Drivers/STM32F7xx_HAL_Driver/Src/stm32f7xx_hal_tim_ex.o
                0x08004db8                HAL_TIMEx_CommutCallback
 .text.HAL_TIMEx_BreakCallback
                0x08004dcc       0x14 ./Drivers/STM32F7xx_HAL_Driver/Src/stm32f7xx_hal_tim_ex.o
                0x08004dcc                HAL_TIMEx_BreakCallback
 .text.HAL_TIMEx_Break2Callback
                0x08004de0       0x14 ./Drivers/STM32F7xx_HAL_Driver/Src/stm32f7xx_hal_tim_ex.o
                0x08004de0                HAL_TIMEx_Break2Callback
 .text.HAL_UART_Init
                0x08004df4       0x9c ./Drivers/STM32F7xx_HAL_Driver/Src/stm32f7xx_hal_uart.o
                0x08004df4                HAL_UART_Init
 .text.UART_SetConfig
                0x08004e90      0x4c8 ./Drivers/STM32F7xx_HAL_Driver/Src/stm32f7xx_hal_uart.o
                0x08004e90                UART_SetConfig
 .text.UART_AdvFeatureConfig
                0x08005358      0x144 ./Drivers/STM32F7xx_HAL_Driver/Src/stm32f7xx_hal_uart.o
                0x08005358                UART_AdvFeatureConfig
 .text.UART_CheckIdleState
                0x0800549c       0xae ./Drivers/STM32F7xx_HAL_Driver/Src/stm32f7xx_hal_uart.o
                0x0800549c                UART_CheckIdleState
 .text.UART_WaitOnFlagUntilTimeout
                0x0800554a       0xda ./Drivers/STM32F7xx_HAL_Driver/Src/stm32f7xx_hal_uart.o
                0x0800554a                UART_WaitOnFlagUntilTimeout
 .text.UART_EndRxTransfer
                0x08005624       0xc8 ./Drivers/STM32F7xx_HAL_Driver/Src/stm32f7xx_hal_uart.o
 .text.USB_CoreInit
                0x080056ec       0xb4 ./Drivers/STM32F7xx_HAL_Driver/Src/stm32f7xx_ll_usb.o
                0x080056ec                USB_CoreInit
 .text.USB_DisableGlobalInt
                0x080057a0       0x22 ./Drivers/STM32F7xx_HAL_Driver/Src/stm32f7xx_ll_usb.o
                0x080057a0                USB_DisableGlobalInt
 .text.USB_SetCurrentMode
                0x080057c2       0x98 ./Drivers/STM32F7xx_HAL_Driver/Src/stm32f7xx_ll_usb.o
                0x080057c2                USB_SetCurrentMode
 *fill*         0x0800585a        0x2 
 .text.USB_DevInit
                0x0800585c      0x2bc ./Drivers/STM32F7xx_HAL_Driver/Src/stm32f7xx_ll_usb.o
                0x0800585c                USB_DevInit
 .text.USB_FlushTxFifo
                0x08005b18       0x64 ./Drivers/STM32F7xx_HAL_Driver/Src/stm32f7xx_ll_usb.o
                0x08005b18                USB_FlushTxFifo
 .text.USB_FlushRxFifo
                0x08005b7c       0x5c ./Drivers/STM32F7xx_HAL_Driver/Src/stm32f7xx_ll_usb.o
                0x08005b7c                USB_FlushRxFifo
 .text.USB_SetDevSpeed
                0x08005bd8       0x32 ./Drivers/STM32F7xx_HAL_Driver/Src/stm32f7xx_ll_usb.o
                0x08005bd8                USB_SetDevSpeed
 .text.USB_DevDisconnect
                0x08005c0a       0x42 ./Drivers/STM32F7xx_HAL_Driver/Src/stm32f7xx_ll_usb.o
                0x08005c0a                USB_DevDisconnect
 .text.USB_GetMode
                0x08005c4c       0x1c ./Drivers/STM32F7xx_HAL_Driver/Src/stm32f7xx_ll_usb.o
                0x08005c4c                USB_GetMode
 .text.USB_CoreReset
                0x08005c68       0x70 ./Drivers/STM32F7xx_HAL_Driver/Src/stm32f7xx_ll_usb.o
 .text.memset   0x08005cd8       0x10 C:/ST/STM32CubeIDE_1.18.0/STM32CubeIDE/plugins/com.st.stm32cube.ide.mcu.externaltools.gnu-tools-for-stm32.13.3.rel1.win32_1.0.100.202509120712/tools/bin/../lib/gcc/arm-none-eabi/13.3.1/../../../../arm-none-eabi/lib/thumb/v7e-m+fp/hard\libc_nano.a(libc_a-memset.o)
                0x08005cd8                memset
 .text.__libc_init_array
                0x08005ce8       0x48 C:/ST/STM32CubeIDE_1.18.0/STM32CubeIDE/plugins/com.st.stm32cube.ide.mcu.externaltools.gnu-tools-for-stm32.13.3.rel1.win32_1.0.100.202509120712/tools/bin/../lib/gcc/arm-none-eabi/13.3.1/../../../../arm-none-eabi/lib/thumb/v7e-m+fp/hard\libc_nano.a(libc_a-init.o)
                0x08005ce8                __libc_init_array
 *(.glue_7)
 .glue_7        0x08005d30        0x0 linker stubs
 *(.glue_7t)
 .glue_7t       0x08005d30        0x0 linker stubs
 *(.eh_frame)
 .eh_frame      0x08005d30        0x0 C:/ST/STM32CubeIDE_1.18.0/STM32CubeIDE/plugins/com.st.stm32cube.ide.mcu.externaltools.gnu-tools-for-stm32.13.3.rel1.win32_1.0.100.202509120712/tools/bin/../lib/gcc/arm-none-eabi/13.3.1/thumb/v7e-m+fp/hard/crtbegin.o
 *(.init)
 .init          0x08005d30        0x4 C:/ST/STM32CubeIDE_1.18.0/STM32CubeIDE/plugins/com.st.stm32cube.ide.mcu.externaltools.gnu-tools-for-stm32.13.3.rel1.win32_1.0.100.202509120712/tools/bin/../lib/gcc/arm-none-eabi/13.3.1/thumb/v7e-m+fp/hard/crti.o
                0x08005d30                _init
 .init          0x08005d34        0x8 C:/ST/STM32CubeIDE_1.18.0/STM32CubeIDE/plugins/com.st.stm32cube.ide.mcu.externaltools.gnu-tools-for-stm32.13.3.rel1.win32_1.0.100.202509120712/tools/bin/../lib/gcc/arm-none-eabi/13.3.1/thumb/v7e-m+fp/hard/crtn.o
 *(.fini)
 .fini          0x08005d3c        0x4 C:/ST/STM32CubeIDE_1.18.0/STM32CubeIDE/plugins/com.st.stm32cube.ide.mcu.externaltools.gnu-tools-for-stm32.13.3.rel1.win32_1.0.100.202509120712/tools/bin/../lib/gcc/arm-none-eabi/13.3.1/thumb/v7e-m+fp/hard/crti.o
                0x08005d3c                _fini
 .fini          0x08005d40        0x8 C:/ST/STM32CubeIDE_1.18.0/STM32CubeIDE/plugins/com.st.stm32cube.ide.mcu.externaltools.gnu-tools-for-stm32.13.3.rel1.win32_1.0.100.202509120712/tools/bin/../lib/gcc/arm-none-eabi/13.3.1/thumb/v7e-m+fp/hard/crtn.o
                0x08005d48                        . = ALIGN (0x4)
                0x08005d48                        _etext = .

.vfp11_veneer   0x08005d48        0x0
 .vfp11_veneer  0x08005d48        0x0 linker stubs

.v4_bx          0x08005d48        0x0
 .v4_bx         0x08005d48        0x0 linker stubs

.iplt           0x08005d48        0x0
 .iplt          0x08005d48        0x0 C:/ST/STM32CubeIDE_1.18.0/STM32CubeIDE/plugins/com.st.stm32cube.ide.mcu.externaltools.gnu-tools-for-stm32.13.3.rel1.win32_1.0.100.202509120712/tools/bin/../lib/gcc/arm-none-eabi/13.3.1/thumb/v7e-m+fp/hard/crtbegin.o

.rodata         0x08005d48       0x84
                0x08005d48                        . = ALIGN (0x4)
 *(.rodata)
 *(.rodata*)
 .rodata.FrameMatrix
                0x08005d48        0xc ./Core/Src/main.o
                0x08005d48                FrameMatrix
 .rodata.TIFEN_Matrix
                0x08005d54        0x6 ./Core/Src/main.o
                0x08005d54                TIFEN_Matrix
 *fill*         0x08005d5a        0x2 
 .rodata.ReadWords
                0x08005d5c       0x4c ./Core/Src/main.o
                0x08005d5c                ReadWords
 .rodata.CustomMsg
                0x08005da8        0x8 ./Core/Src/main.o
                0x08005da8                CustomMsg
 .rodata.AnswerSchematic
                0x08005db0        0x4 ./Core/Src/main.o
                0x08005db0                AnswerSchematic
 .rodata.AHBPrescTable
                0x08005db4       0x10 ./Core/Src/system_stm32f7xx.o
                0x08005db4                AHBPrescTable
 .rodata.APBPrescTable
                0x08005dc4        0x8 ./Core/Src/system_stm32f7xx.o
                0x08005dc4                APBPrescTable
                0x08005dcc                        . = ALIGN (0x4)

.ARM.extab      0x08005dcc        0x0
                0x08005dcc                        . = ALIGN (0x4)
 *(.ARM.extab* .gnu.linkonce.armextab.*)
                0x08005dcc                        . = ALIGN (0x4)

.ARM            0x08005dcc        0x8
                0x08005dcc                        . = ALIGN (0x4)
                0x08005dcc                        __exidx_start = .
 *(.ARM.exidx*)
 .ARM.exidx     0x08005dcc        0x8 C:/ST/STM32CubeIDE_1.18.0/STM32CubeIDE/plugins/com.st.stm32cube.ide.mcu.externaltools.gnu-tools-for-stm32.13.3.rel1.win32_1.0.100.202509120712/tools/bin/../lib/gcc/arm-none-eabi/13.3.1/thumb/v7e-m+fp/hard\libgcc.a(_udivmoddi4.o)
                0x08005dd4                        __exidx_end = .
                0x08005dd4                        . = ALIGN (0x4)

.preinit_array  0x08005dd4        0x0
                0x08005dd4                        . = ALIGN (0x4)
                0x08005dd4                        PROVIDE (__preinit_array_start = .)
 *(.preinit_array*)
                0x08005dd4                        PROVIDE (__preinit_array_end = .)
                0x08005dd4                        . = ALIGN (0x4)

.init_array     0x08005dd4        0x4
                0x08005dd4                        . = ALIGN (0x4)
                0x08005dd4                        PROVIDE (__init_array_start = .)
 *(SORT_BY_NAME(.init_array.*))
 *(.init_array*)
 .init_array    0x08005dd4        0x4 C:/ST/STM32CubeIDE_1.18.0/STM32CubeIDE/plugins/com.st.stm32cube.ide.mcu.externaltools.gnu-tools-for-stm32.13.3.rel1.win32_1.0.100.202509120712/tools/bin/../lib/gcc/arm-none-eabi/13.3.1/thumb/v7e-m+fp/hard/crtbegin.o
                0x08005dd8                        PROVIDE (__init_array_end = .)
                0x08005dd8                        . = ALIGN (0x4)

.fini_array     0x08005dd8        0x4
                0x08005dd8                        . = ALIGN (0x4)
                [!provide]                        PROVIDE (__fini_array_start = .)
 *(SORT_BY_NAME(.fini_array.*))
 *(.fini_array*)
 .fini_array    0x08005dd8        0x4 C:/ST/STM32CubeIDE_1.18.0/STM32CubeIDE/plugins/com.st.stm32cube.ide.mcu.externaltools.gnu-tools-for-stm32.13.3.rel1.win32_1.0.100.202509120712/tools/bin/../lib/gcc/arm-none-eabi/13.3.1/thumb/v7e-m+fp/hard/crtbegin.o
                [!provide]                        PROVIDE (__fini_array_end = .)
                0x08005ddc                        . = ALIGN (0x4)
                0x08005ddc                        _sidata = LOADADDR (.data)

.rel.dyn        0x08005ddc        0x0
 .rel.iplt      0x08005ddc        0x0 C:/ST/STM32CubeIDE_1.18.0/STM32CubeIDE/plugins/com.st.stm32cube.ide.mcu.externaltools.gnu-tools-for-stm32.13.3.rel1.win32_1.0.100.202509120712/tools/bin/../lib/gcc/arm-none-eabi/13.3.1/thumb/v7e-m+fp/hard/crtbegin.o

.data           0x20000000       0x4c load address 0x08005ddc
                0x20000000                        . = ALIGN (0x4)
                0x20000000                        _sdata = .
 *(.data)
 *(.data*)
 .data.picker   0x20000000        0x2 ./Core/Src/main.o
                0x20000000                picker
 *fill*         0x20000002        0x2 
 .data.ProgrammingSeq
                0x20000004       0x18 ./Core/Src/main.o
                0x20000004                ProgrammingSeq
 .data.WriteWords
                0x2000001c       0x24 ./Core/Src/main.o
                0x2000001c                WriteWords
 .data.SystemCoreClock
                0x20000040        0x4 ./Core/Src/system_stm32f7xx.o
                0x20000040                SystemCoreClock
 .data.uwTickPrio
                0x20000044        0x4 ./Drivers/STM32F7xx_HAL_Driver/Src/stm32f7xx_hal.o
                0x20000044                uwTickPrio
 .data.uwTickFreq
                0x20000048        0x1 ./Drivers/STM32F7xx_HAL_Driver/Src/stm32f7xx_hal.o
                0x20000048                uwTickFreq
 *(.RamFunc)
 *(.RamFunc*)
                0x2000004c                        . = ALIGN (0x4)
 *fill*         0x20000049        0x3 
                0x2000004c                        _edata = .

.igot.plt       0x2000004c        0x0 load address 0x08005e28
 .igot.plt      0x2000004c        0x0 C:/ST/STM32CubeIDE_1.18.0/STM32CubeIDE/plugins/com.st.stm32cube.ide.mcu.externaltools.gnu-tools-for-stm32.13.3.rel1.win32_1.0.100.202509120712/tools/bin/../lib/gcc/arm-none-eabi/13.3.1/thumb/v7e-m+fp/hard/crtbegin.o

.RxDecripSection
                0x2000004c       0xa0 load address 0x08005e28
 .RxDecripSection
                0x2000004c       0xa0 ./Core/Src/main.o
                0x2000004c                DMARxDscrTab

.TxDecripSection
                0x200000ec       0xa0 load address 0x08005ec8
 .TxDecripSection
                0x200000ec       0xa0 ./Core/Src/main.o
                0x200000ec                DMATxDscrTab
                0x2000018c                        . = ALIGN (0x4)

.bss            0x2000018c      0x858 load address 0x08005f68
                0x2000018c                        _sbss = .
                0x2000018c                        __bss_start__ = _sbss
 *(.bss)
 .bss           0x2000018c       0x1c C:/ST/STM32CubeIDE_1.18.0/STM32CubeIDE/plugins/com.st.stm32cube.ide.mcu.externaltools.gnu-tools-for-stm32.13.3.rel1.win32_1.0.100.202509120712/tools/bin/../lib/gcc/arm-none-eabi/13.3.1/thumb/v7e-m+fp/hard/crtbegin.o
 *(.bss*)
 .bss.TxConfig  0x200001a8       0x38 ./Core/Src/main.o
                0x200001a8                TxConfig
 .bss.hadc3     0x200001e0       0x48 ./Core/Src/main.o
                0x200001e0                hadc3
 .bss.heth      0x20000228       0xb0 ./Core/Src/main.o
                0x20000228                heth
 .bss.hi2c1     0x200002d8       0x54 ./Core/Src/main.o
                0x200002d8                hi2c1
 .bss.htim1     0x2000032c       0x4c ./Core/Src/main.o
                0x2000032c                htim1
 .bss.htim3     0x20000378       0x4c ./Core/Src/main.o
                0x20000378                htim3
 .bss.htim4     0x200003c4       0x4c ./Core/Src/main.o
                0x200003c4                htim4
 .bss.huart3    0x20000410       0x88 ./Core/Src/main.o
                0x20000410                huart3
 .bss.hpcd_USB_OTG_FS
                0x20000498      0x4e0 ./Core/Src/main.o
                0x20000498                hpcd_USB_OTG_FS
 .bss.crc_value
                0x20000978        0x1 ./Core/Src/main.o
                0x20000978                crc_value
 .bss.checkmark
                0x20000979        0x1 ./Core/Src/main.o
                0x20000979                checkmark
 .bss.bit_counter
                0x2000097a        0x1 ./Core/Src/main.o
                0x2000097a                bit_counter
 .bss.word_counter
                0x2000097b        0x1 ./Core/Src/main.o
                0x2000097b                word_counter
 .bss.reg_counter
                0x2000097c        0x1 ./Core/Src/main.o
                0x2000097c                reg_counter
 .bss.reg_selector
                0x2000097d        0x1 ./Core/Src/main.o
                0x2000097d                reg_selector
 .bss.sequence_counter
                0x2000097e        0x1 ./Core/Src/main.o
                0x2000097e                sequence_counter
 *fill*         0x2000097f        0x1 
 .bss.vprog_counter
                0x20000980        0x2 ./Core/Src/main.o
                0x20000980                vprog_counter
 *fill*         0x20000982        0x2 
 .bss.EPROMreg  0x20000984       0x48 ./Core/Src/main.o
                0x20000984                EPROMreg
 .bss.AnswerCustomMsg_counter
                0x200009cc        0x1 ./Core/Src/main.o
                0x200009cc                AnswerCustomMsg_counter
 *fill*         0x200009cd        0x3 
 .bss.AnswerCustomMsg
                0x200009d0        0x8 ./Core/Src/main.o
                0x200009d0                AnswerCustomMsg
 .bss.MACAddr.0
                0x200009d8        0x6 ./Core/Src/main.o
 *fill*         0x200009de        0x2 
 .bss.uwTick    0x200009e0        0x4 ./Drivers/STM32F7xx_HAL_Driver/Src/stm32f7xx_hal.o
                0x200009e0                uwTick
 *(COMMON)
                0x200009e4                        . = ALIGN (0x4)
                0x200009e4                        _ebss = .
                0x200009e4                        __bss_end__ = _ebss

._user_heap_stack
                0x200009e4      0x604 load address 0x08005f68
                0x200009e8                        . = ALIGN (0x8)
 *fill*         0x200009e4        0x4 
                [!provide]                        PROVIDE (end = .)
                0x200009e8                        PROVIDE (_end = .)
                0x20000be8                        . = (. + _Min_Heap_Size)
 *fill*         0x200009e8      0x200 
                0x20000fe8                        . = (. + _Min_Stack_Size)
 *fill*         0x20000be8      0x400 
                0x20000fe8                        . = ALIGN (0x8)

/DISCARD/
 libc.a(*)
 libm.a(*)
 libgcc.a(*)

.ARM.attributes
                0x00000000       0x30
 *(.ARM.attributes)
 .ARM.attributes
                0x00000000       0x22 C:/ST/STM32CubeIDE_1.18.0/STM32CubeIDE/plugins/com.st.stm32cube.ide.mcu.externaltools.gnu-tools-for-stm32.13.3.rel1.win32_1.0.100.202509120712/tools/bin/../lib/gcc/arm-none-eabi/13.3.1/thumb/v7e-m+fp/hard/crti.o
 .ARM.attributes
                0x00000022       0x34 C:/ST/STM32CubeIDE_1.18.0/STM32CubeIDE/plugins/com.st.stm32cube.ide.mcu.externaltools.gnu-tools-for-stm32.13.3.rel1.win32_1.0.100.202509120712/tools/bin/../lib/gcc/arm-none-eabi/13.3.1/thumb/v7e-m+fp/hard/crtbegin.o
 .ARM.attributes
                0x00000056       0x34 ./Core/Src/main.o
 .ARM.attributes
                0x0000008a       0x34 ./Core/Src/stm32f7xx_hal_msp.o
 .ARM.attributes
                0x000000be       0x34 ./Core/Src/stm32f7xx_it.o
 .ARM.attributes
                0x000000f2       0x34 ./Core/Src/system_stm32f7xx.o
 .ARM.attributes
                0x00000126       0x21 ./Core/Startup/startup_stm32f746zgtx.o
 .ARM.attributes
                0x00000147       0x34 ./Drivers/STM32F7xx_HAL_Driver/Src/stm32f7xx_hal.o
 .ARM.attributes
                0x0000017b       0x34 ./Drivers/STM32F7xx_HAL_Driver/Src/stm32f7xx_hal_adc.o
 .ARM.attributes
                0x000001af       0x34 ./Drivers/STM32F7xx_HAL_Driver/Src/stm32f7xx_hal_cortex.o
 .ARM.attributes
                0x000001e3       0x34 ./Drivers/STM32F7xx_HAL_Driver/Src/stm32f7xx_hal_eth.o
 .ARM.attributes
                0x00000217       0x34 ./Drivers/STM32F7xx_HAL_Driver/Src/stm32f7xx_hal_gpio.o
 .ARM.attributes
                0x0000024b       0x34 ./Drivers/STM32F7xx_HAL_Driver/Src/stm32f7xx_hal_i2c.o
 .ARM.attributes
                0x0000027f       0x34 ./Drivers/STM32F7xx_HAL_Driver/Src/stm32f7xx_hal_i2c_ex.o
 .ARM.attributes
                0x000002b3       0x34 ./Drivers/STM32F7xx_HAL_Driver/Src/stm32f7xx_hal_pcd.o
 .ARM.attributes
                0x000002e7       0x34 ./Drivers/STM32F7xx_HAL_Driver/Src/stm32f7xx_hal_pcd_ex.o
 .ARM.attributes
                0x0000031b       0x34 ./Drivers/STM32F7xx_HAL_Driver/Src/stm32f7xx_hal_pwr.o
 .ARM.attributes
                0x0000034f       0x34 ./Drivers/STM32F7xx_HAL_Driver/Src/stm32f7xx_hal_rcc.o
 .ARM.attributes
                0x00000383       0x34 ./Drivers/STM32F7xx_HAL_Driver/Src/stm32f7xx_hal_rcc_ex.o
 .ARM.attributes
                0x000003b7       0x34 ./Drivers/STM32F7xx_HAL_Driver/Src/stm32f7xx_hal_tim.o
 .ARM.attributes
                0x000003eb       0x34 ./Drivers/STM32F7xx_HAL_Driver/Src/stm32f7xx_hal_tim_ex.o
 .ARM.attributes
                0x0000041f       0x34 ./Drivers/STM32F7xx_HAL_Driver/Src/stm32f7xx_hal_uart.o
 .ARM.attributes
                0x00000453       0x34 ./Drivers/STM32F7xx_HAL_Driver/Src/stm32f7xx_ll_usb.o
 .ARM.attributes
                0x00000487       0x34 C:/ST/STM32CubeIDE_1.18.0/STM32CubeIDE/plugins/com.st.stm32cube.ide.mcu.externaltools.gnu-tools-for-stm32.13.3.rel1.win32_1.0.100.202509120712/tools/bin/../lib/gcc/arm-none-eabi/13.3.1/../../../../arm-none-eabi/lib/thumb/v7e-m+fp/hard\libc_nano.a(libc_a-memset.o)
 .ARM.attributes
                0x000004bb       0x34 C:/ST/STM32CubeIDE_1.18.0/STM32CubeIDE/plugins/com.st.stm32cube.ide.mcu.externaltools.gnu-tools-for-stm32.13.3.rel1.win32_1.0.100.202509120712/tools/bin/../lib/gcc/arm-none-eabi/13.3.1/../../../../arm-none-eabi/lib/thumb/v7e-m+fp/hard\libc_nano.a(libc_a-init.o)
 .ARM.attributes
                0x000004ef       0x22 C:/ST/STM32CubeIDE_1.18.0/STM32CubeIDE/plugins/com.st.stm32cube.ide.mcu.externaltools.gnu-tools-for-stm32.13.3.rel1.win32_1.0.100.202509120712/tools/bin/../lib/gcc/arm-none-eabi/13.3.1/thumb/v7e-m+fp/hard\libgcc.a(_aeabi_uldivmod.o)
 .ARM.attributes
                0x00000511       0x34 C:/ST/STM32CubeIDE_1.18.0/STM32CubeIDE/plugins/com.st.stm32cube.ide.mcu.externaltools.gnu-tools-for-stm32.13.3.rel1.win32_1.0.100.202509120712/tools/bin/../lib/gcc/arm-none-eabi/13.3.1/thumb/v7e-m+fp/hard\libgcc.a(_udivmoddi4.o)
 .ARM.attributes
                0x00000545       0x22 C:/ST/STM32CubeIDE_1.18.0/STM32CubeIDE/plugins/com.st.stm32cube.ide.mcu.externaltools.gnu-tools-for-stm32.13.3.rel1.win32_1.0.100.202509120712/tools/bin/../lib/gcc/arm-none-eabi/13.3.1/thumb/v7e-m+fp/hard\libgcc.a(_dvmd_tls.o)
 .ARM.attributes
                0x00000567       0x22 C:/ST/STM32CubeIDE_1.18.0/STM32CubeIDE/plugins/com.st.stm32cube.ide.mcu.externaltools.gnu-tools-for-stm32.13.3.rel1.win32_1.0.100.202509120712/tools/bin/../lib/gcc/arm-none-eabi/13.3.1/thumb/v7e-m+fp/hard/crtn.o
OUTPUT(Testing_ifen.elf elf32-littlearm)
LOAD linker stubs
LOAD C:/ST/STM32CubeIDE_1.18.0/STM32CubeIDE/plugins/com.st.stm32cube.ide.mcu.externaltools.gnu-tools-for-stm32.13.3.rel1.win32_1.0.100.202509120712/tools/bin/../lib/gcc/arm-none-eabi/13.3.1/../../../../arm-none-eabi/lib/thumb/v7e-m+fp/hard\libc.a
LOAD C:/ST/STM32CubeIDE_1.18.0/STM32CubeIDE/plugins/com.st.stm32cube.ide.mcu.externaltools.gnu-tools-for-stm32.13.3.rel1.win32_1.0.100.202509120712/tools/bin/../lib/gcc/arm-none-eabi/13.3.1/../../../../arm-none-eabi/lib/thumb/v7e-m+fp/hard\libm.a
LOAD C:/ST/STM32CubeIDE_1.18.0/STM32CubeIDE/plugins/com.st.stm32cube.ide.mcu.externaltools.gnu-tools-for-stm32.13.3.rel1.win32_1.0.100.202509120712/tools/bin/../lib/gcc/arm-none-eabi/13.3.1/thumb/v7e-m+fp/hard\libgcc.a

.debug_info     0x00000000    0x1a654
 .debug_info    0x00000000     0x2bd7 ./Core/Src/main.o
 .debug_info    0x00002bd7     0x28be ./Core/Src/stm32f7xx_hal_msp.o
 .debug_info    0x00005495      0x744 ./Core/Src/stm32f7xx_it.o
 .debug_info    0x00005bd9      0x6ed ./Core/Src/system_stm32f7xx.o
 .debug_info    0x000062c6       0x30 ./Core/Startup/startup_stm32f746zgtx.o
 .debug_info    0x000062f6      0x9d8 ./Drivers/STM32F7xx_HAL_Driver/Src/stm32f7xx_hal.o
 .debug_info    0x00006cce      0xc92 ./Drivers/STM32F7xx_HAL_Driver/Src/stm32f7xx_hal_adc.o
 .debug_info    0x00007960      0xf7e ./Drivers/STM32F7xx_HAL_Driver/Src/stm32f7xx_hal_cortex.o
 .debug_info    0x000088de     0x21aa ./Drivers/STM32F7xx_HAL_Driver/Src/stm32f7xx_hal_eth.o
 .debug_info    0x0000aa88      0x6e7 ./Drivers/STM32F7xx_HAL_Driver/Src/stm32f7xx_hal_gpio.o
 .debug_info    0x0000b16f     0x2147 ./Drivers/STM32F7xx_HAL_Driver/Src/stm32f7xx_hal_i2c.o
 .debug_info    0x0000d2b6      0x922 ./Drivers/STM32F7xx_HAL_Driver/Src/stm32f7xx_hal_i2c_ex.o
 .debug_info    0x0000dbd8     0x1599 ./Drivers/STM32F7xx_HAL_Driver/Src/stm32f7xx_hal_pcd.o
 .debug_info    0x0000f171      0x7a3 ./Drivers/STM32F7xx_HAL_Driver/Src/stm32f7xx_hal_pcd_ex.o
 .debug_info    0x0000f914      0x90e ./Drivers/STM32F7xx_HAL_Driver/Src/stm32f7xx_hal_pwr.o
 .debug_info    0x00010222      0x8f0 ./Drivers/STM32F7xx_HAL_Driver/Src/stm32f7xx_hal_rcc.o
 .debug_info    0x00010b12      0x6bd ./Drivers/STM32F7xx_HAL_Driver/Src/stm32f7xx_hal_rcc_ex.o
 .debug_info    0x000111cf     0x2abd ./Drivers/STM32F7xx_HAL_Driver/Src/stm32f7xx_hal_tim.o
 .debug_info    0x00013c8c     0x15bb ./Drivers/STM32F7xx_HAL_Driver/Src/stm32f7xx_hal_tim_ex.o
 .debug_info    0x00015247     0x3a11 ./Drivers/STM32F7xx_HAL_Driver/Src/stm32f7xx_hal_uart.o
 .debug_info    0x00018c58     0x19fc ./Drivers/STM32F7xx_HAL_Driver/Src/stm32f7xx_ll_usb.o

.debug_abbrev   0x00000000     0x2f21
 .debug_abbrev  0x00000000      0x397 ./Core/Src/main.o
 .debug_abbrev  0x00000397      0x2a8 ./Core/Src/stm32f7xx_hal_msp.o
 .debug_abbrev  0x0000063f      0x194 ./Core/Src/stm32f7xx_it.o
 .debug_abbrev  0x000007d3      0x13b ./Core/Src/system_stm32f7xx.o
 .debug_abbrev  0x0000090e       0x24 ./Core/Startup/startup_stm32f746zgtx.o
 .debug_abbrev  0x00000932      0x213 ./Drivers/STM32F7xx_HAL_Driver/Src/stm32f7xx_hal.o
 .debug_abbrev  0x00000b45      0x252 ./Drivers/STM32F7xx_HAL_Driver/Src/stm32f7xx_hal_adc.o
 .debug_abbrev  0x00000d97      0x31e ./Drivers/STM32F7xx_HAL_Driver/Src/stm32f7xx_hal_cortex.o
 .debug_abbrev  0x000010b5      0x35a ./Drivers/STM32F7xx_HAL_Driver/Src/stm32f7xx_hal_eth.o
 .debug_abbrev  0x0000140f      0x1d4 ./Drivers/STM32F7xx_HAL_Driver/Src/stm32f7xx_hal_gpio.o
 .debug_abbrev  0x000015e3      0x260 ./Drivers/STM32F7xx_HAL_Driver/Src/stm32f7xx_hal_i2c.o
 .debug_abbrev  0x00001843      0x19c ./Drivers/STM32F7xx_HAL_Driver/Src/stm32f7xx_hal_i2c_ex.o
 .debug_abbrev  0x000019df      0x2ee ./Drivers/STM32F7xx_HAL_Driver/Src/stm32f7xx_hal_pcd.o
 .debug_abbrev  0x00001ccd      0x1ca ./Drivers/STM32F7xx_HAL_Driver/Src/stm32f7xx_hal_pcd_ex.o
 .debug_abbrev  0x00001e97      0x1c5 ./Drivers/STM32F7xx_HAL_Driver/Src/stm32f7xx_hal_pwr.o
 .debug_abbrev  0x0000205c      0x288 ./Drivers/STM32F7xx_HAL_Driver/Src/stm32f7xx_hal_rcc.o
 .debug_abbrev  0x000022e4      0x1c9 ./Drivers/STM32F7xx_HAL_Driver/Src/stm32f7xx_hal_rcc_ex.o
 .debug_abbrev  0x000024ad      0x278 ./Drivers/STM32F7xx_HAL_Driver/Src/stm32f7xx_hal_tim.o
 .debug_abbrev  0x00002725      0x283 ./Drivers/STM32F7xx_HAL_Driver/Src/stm32f7xx_hal_tim_ex.o
 .debug_abbrev  0x000029a8      0x2e6 ./Drivers/STM32F7xx_HAL_Driver/Src/stm32f7xx_hal_uart.o
 .debug_abbrev  0x00002c8e      0x293 ./Drivers/STM32F7xx_HAL_Driver/Src/stm32f7xx_ll_usb.o

.debug_aranges  0x00000000     0x1628
 .debug_aranges
                0x00000000       0x98 ./Core/Src/main.o
 .debug_aranges
                0x00000098       0x80 ./Core/Src/stm32f7xx_hal_msp.o
 .debug_aranges
                0x00000118       0x70 ./Core/Src/stm32f7xx_it.o
 .debug_aranges
                0x00000188       0x28 ./Core/Src/system_stm32f7xx.o
 .debug_aranges
                0x000001b0       0x28 ./Core/Startup/startup_stm32f746zgtx.o
 .debug_aranges
                0x000001d8      0x100 ./Drivers/STM32F7xx_HAL_Driver/Src/stm32f7xx_hal.o
 .debug_aranges
                0x000002d8       0xe8 ./Drivers/STM32F7xx_HAL_Driver/Src/stm32f7xx_hal_adc.o
 .debug_aranges
                0x000003c0      0x128 ./Drivers/STM32F7xx_HAL_Driver/Src/stm32f7xx_hal_cortex.o
 .debug_aranges
                0x000004e8      0x1e8 ./Drivers/STM32F7xx_HAL_Driver/Src/stm32f7xx_hal_eth.o
 .debug_aranges
                0x000006d0       0x58 ./Drivers/STM32F7xx_HAL_Driver/Src/stm32f7xx_hal_gpio.o
 .debug_aranges
                0x00000728      0x2a0 ./Drivers/STM32F7xx_HAL_Driver/Src/stm32f7xx_hal_i2c.o
 .debug_aranges
                0x000009c8       0x38 ./Drivers/STM32F7xx_HAL_Driver/Src/stm32f7xx_hal_i2c_ex.o
 .debug_aranges
                0x00000a00      0x148 ./Drivers/STM32F7xx_HAL_Driver/Src/stm32f7xx_hal_pcd.o
 .debug_aranges
                0x00000b48       0x48 ./Drivers/STM32F7xx_HAL_Driver/Src/stm32f7xx_hal_pcd_ex.o
 .debug_aranges
                0x00000b90       0xa0 ./Drivers/STM32F7xx_HAL_Driver/Src/stm32f7xx_hal_pwr.o
 .debug_aranges
                0x00000c30       0x88 ./Drivers/STM32F7xx_HAL_Driver/Src/stm32f7xx_hal_rcc.o
 .debug_aranges
                0x00000cb8       0x50 ./Drivers/STM32F7xx_HAL_Driver/Src/stm32f7xx_hal_rcc_ex.o
 .debug_aranges
                0x00000d08      0x3e0 ./Drivers/STM32F7xx_HAL_Driver/Src/stm32f7xx_hal_tim.o
 .debug_aranges
                0x000010e8      0x178 ./Drivers/STM32F7xx_HAL_Driver/Src/stm32f7xx_hal_tim_ex.o
 .debug_aranges
                0x00001260      0x228 ./Drivers/STM32F7xx_HAL_Driver/Src/stm32f7xx_hal_uart.o
 .debug_aranges
                0x00001488      0x1a0 ./Drivers/STM32F7xx_HAL_Driver/Src/stm32f7xx_ll_usb.o

.debug_rnglists
                0x00000000     0x1172
 .debug_rnglists
                0x00000000       0x77 ./Core/Src/main.o
 .debug_rnglists
                0x00000077       0x61 ./Core/Src/stm32f7xx_hal_msp.o
 .debug_rnglists
                0x000000d8       0x4f ./Core/Src/stm32f7xx_it.o
 .debug_rnglists
                0x00000127       0x1a ./Core/Src/system_stm32f7xx.o
 .debug_rnglists
                0x00000141       0x19 ./Core/Startup/startup_stm32f746zgtx.o
 .debug_rnglists
                0x0000015a       0xbb ./Drivers/STM32F7xx_HAL_Driver/Src/stm32f7xx_hal.o
 .debug_rnglists
                0x00000215       0xb5 ./Drivers/STM32F7xx_HAL_Driver/Src/stm32f7xx_hal_adc.o
 .debug_rnglists
                0x000002ca       0xda ./Drivers/STM32F7xx_HAL_Driver/Src/stm32f7xx_hal_cortex.o
 .debug_rnglists
                0x000003a4      0x183 ./Drivers/STM32F7xx_HAL_Driver/Src/stm32f7xx_hal_eth.o
 .debug_rnglists
                0x00000527       0x3f ./Drivers/STM32F7xx_HAL_Driver/Src/stm32f7xx_hal_gpio.o
 .debug_rnglists
                0x00000566      0x228 ./Drivers/STM32F7xx_HAL_Driver/Src/stm32f7xx_hal_i2c.o
 .debug_rnglists
                0x0000078e       0x27 ./Drivers/STM32F7xx_HAL_Driver/Src/stm32f7xx_hal_i2c_ex.o
 .debug_rnglists
                0x000007b5       0xfa ./Drivers/STM32F7xx_HAL_Driver/Src/stm32f7xx_hal_pcd.o
 .debug_rnglists
                0x000008af       0x32 ./Drivers/STM32F7xx_HAL_Driver/Src/stm32f7xx_hal_pcd_ex.o
 .debug_rnglists
                0x000008e1       0x74 ./Drivers/STM32F7xx_HAL_Driver/Src/stm32f7xx_hal_pwr.o
 .debug_rnglists
                0x00000955       0x67 ./Drivers/STM32F7xx_HAL_Driver/Src/stm32f7xx_hal_rcc.o
 .debug_rnglists
                0x000009bc       0x3c ./Drivers/STM32F7xx_HAL_Driver/Src/stm32f7xx_hal_rcc_ex.o
 .debug_rnglists
                0x000009f8      0x328 ./Drivers/STM32F7xx_HAL_Driver/Src/stm32f7xx_hal_tim.o
 .debug_rnglists
                0x00000d20      0x131 ./Drivers/STM32F7xx_HAL_Driver/Src/stm32f7xx_hal_tim_ex.o
 .debug_rnglists
                0x00000e51      0x1da ./Drivers/STM32F7xx_HAL_Driver/Src/stm32f7xx_hal_uart.o
 .debug_rnglists
                0x0000102b      0x147 ./Drivers/STM32F7xx_HAL_Driver/Src/stm32f7xx_ll_usb.o

.debug_macro    0x00000000    0x28612
 .debug_macro   0x00000000      0x322 ./Core/Src/main.o
 .debug_macro   0x00000322      0xad8 ./Core/Src/main.o
 .debug_macro   0x00000dfa      0x2a5 ./Core/Src/main.o
 .debug_macro   0x0000109f       0x2e ./Core/Src/main.o
 .debug_macro   0x000010cd       0x3b ./Core/Src/main.o
 .debug_macro   0x00001108       0x22 ./Core/Src/main.o
 .debug_macro   0x0000112a       0x8e ./Core/Src/main.o
 .debug_macro   0x000011b8       0x51 ./Core/Src/main.o
 .debug_macro   0x00001209      0x103 ./Core/Src/main.o
 .debug_macro   0x0000130c       0x6a ./Core/Src/main.o
 .debug_macro   0x00001376      0x1df ./Core/Src/main.o
 .debug_macro   0x00001555       0x1c ./Core/Src/main.o
 .debug_macro   0x00001571       0x22 ./Core/Src/main.o
 .debug_macro   0x00001593       0xd9 ./Core/Src/main.o
 .debug_macro   0x0000166c     0x12cd ./Core/Src/main.o
 .debug_macro   0x00002939      0x11f ./Core/Src/main.o
 .debug_macro   0x00002a58       0x19 ./Core/Src/main.o
 .debug_macro   0x00002a71    0x19222 ./Core/Src/main.o
 .debug_macro   0x0001bc93       0x6d ./Core/Src/main.o
 .debug_macro   0x0001bd00     0x375e ./Core/Src/main.o
 .debug_macro   0x0001f45e      0x190 ./Core/Src/main.o
 .debug_macro   0x0001f5ee       0x63 ./Core/Src/main.o
 .debug_macro   0x0001f651     0x18ad ./Core/Src/main.o
 .debug_macro   0x00020efe      0x6c4 ./Core/Src/main.o
 .debug_macro   0x000215c2      0x185 ./Core/Src/main.o
 .debug_macro   0x00021747      0x115 ./Core/Src/main.o
 .debug_macro   0x0002185c      0x1fd ./Core/Src/main.o
 .debug_macro   0x00021a59       0xa5 ./Core/Src/main.o
 .debug_macro   0x00021afe      0x24f ./Core/Src/main.o
 .debug_macro   0x00021d4d       0x41 ./Core/Src/main.o
 .debug_macro   0x00021d8e       0x58 ./Core/Src/main.o
 .debug_macro   0x00021de6      0x236 ./Core/Src/main.o
 .debug_macro   0x0002201c      0x416 ./Core/Src/main.o
 .debug_macro   0x00022432      0x153 ./Core/Src/main.o
 .debug_macro   0x00022585      0x107 ./Core/Src/main.o
 .debug_macro   0x0002268c      0xb99 ./Core/Src/main.o
 .debug_macro   0x00023225      0x14e ./Core/Src/main.o
 .debug_macro   0x00023373      0x25a ./Core/Src/main.o
 .debug_macro   0x000235cd       0x12 ./Core/Src/main.o
 .debug_macro   0x000235df      0x22c ./Core/Src/main.o
 .debug_macro   0x0002380b       0x61 ./Core/Src/main.o
 .debug_macro   0x0002386c       0xa5 ./Core/Src/main.o
 .debug_macro   0x00023911      0x12e ./Core/Src/main.o
 .debug_macro   0x00023a3f      0x108 ./Core/Src/main.o
 .debug_macro   0x00023b47       0x35 ./Core/Src/main.o
 .debug_macro   0x00023b7c      0xa83 ./Core/Src/main.o
 .debug_macro   0x000245ff       0x59 ./Core/Src/main.o
 .debug_macro   0x00024658      0x56d ./Core/Src/main.o
 .debug_macro   0x00024bc5       0x44 ./Core/Src/main.o
 .debug_macro   0x00024c09      0x2cb ./Core/Src/main.o
 .debug_macro   0x00024ed4       0xba ./Core/Src/main.o
 .debug_macro   0x00024f8e      0x14d ./Core/Src/main.o
 .debug_macro   0x000250db      0x19c ./Core/Src/main.o
 .debug_macro   0x00025277       0x61 ./Core/Src/main.o
 .debug_macro   0x000252d8       0x2a ./Core/Src/main.o
 .debug_macro   0x00025302       0x43 ./Core/Src/main.o
 .debug_macro   0x00025345       0x34 ./Core/Src/main.o
 .debug_macro   0x00025379      0x370 ./Core/Src/main.o
 .debug_macro   0x000256e9       0x16 ./Core/Src/main.o
 .debug_macro   0x000256ff       0x4a ./Core/Src/main.o
 .debug_macro   0x00025749       0x34 ./Core/Src/main.o
 .debug_macro   0x0002577d       0x10 ./Core/Src/main.o
 .debug_macro   0x0002578d       0x58 ./Core/Src/main.o
 .debug_macro   0x000257e5       0x8e ./Core/Src/main.o
 .debug_macro   0x00025873       0x1c ./Core/Src/main.o
 .debug_macro   0x0002588f      0x185 ./Core/Src/main.o
 .debug_macro   0x00025a14       0x10 ./Core/Src/main.o
 .debug_macro   0x00025a24       0x3c ./Core/Src/main.o
 .debug_macro   0x00025a60       0x20 ./Core/Src/main.o
 .debug_macro   0x00025a80       0x22 ./Core/Src/main.o
 .debug_macro   0x00025aa2      0x238 ./Core/Src/stm32f7xx_hal_msp.o
 .debug_macro   0x00025cda      0x242 ./Core/Src/stm32f7xx_it.o
 .debug_macro   0x00025f1c      0x229 ./Core/Src/system_stm32f7xx.o
 .debug_macro   0x00026145      0x24d ./Drivers/STM32F7xx_HAL_Driver/Src/stm32f7xx_hal.o
 .debug_macro   0x00026392      0x22a ./Drivers/STM32F7xx_HAL_Driver/Src/stm32f7xx_hal_adc.o
 .debug_macro   0x000265bc      0x229 ./Drivers/STM32F7xx_HAL_Driver/Src/stm32f7xx_hal_cortex.o
 .debug_macro   0x000267e5      0x303 ./Drivers/STM32F7xx_HAL_Driver/Src/stm32f7xx_hal_eth.o
 .debug_macro   0x00026ae8      0x22f ./Drivers/STM32F7xx_HAL_Driver/Src/stm32f7xx_hal_gpio.o
 .debug_macro   0x00026d17      0x2f5 ./Drivers/STM32F7xx_HAL_Driver/Src/stm32f7xx_hal_i2c.o
 .debug_macro   0x0002700c      0x229 ./Drivers/STM32F7xx_HAL_Driver/Src/stm32f7xx_hal_i2c_ex.o
 .debug_macro   0x00027235      0x235 ./Drivers/STM32F7xx_HAL_Driver/Src/stm32f7xx_hal_pcd.o
 .debug_macro   0x0002746a      0x229 ./Drivers/STM32F7xx_HAL_Driver/Src/stm32f7xx_hal_pcd_ex.o
 .debug_macro   0x00027693      0x247 ./Drivers/STM32F7xx_HAL_Driver/Src/stm32f7xx_hal_pwr.o
 .debug_macro   0x000278da      0x24d ./Drivers/STM32F7xx_HAL_Driver/Src/stm32f7xx_hal_rcc.o
 .debug_macro   0x00027b27      0x229 ./Drivers/STM32F7xx_HAL_Driver/Src/stm32f7xx_hal_rcc_ex.o
 .debug_macro   0x00027d50      0x22a ./Drivers/STM32F7xx_HAL_Driver/Src/stm32f7xx_hal_tim.o
 .debug_macro   0x00027f7a      0x229 ./Drivers/STM32F7xx_HAL_Driver/Src/stm32f7xx_hal_tim_ex.o
 .debug_macro   0x000281a3      0x246 ./Drivers/STM32F7xx_HAL_Driver/Src/stm32f7xx_hal_uart.o
 .debug_macro   0x000283e9      0x229 ./Drivers/STM32F7xx_HAL_Driver/Src/stm32f7xx_ll_usb.o

.debug_line     0x00000000    0x1ad80
 .debug_line    0x00000000     0x107f ./Core/Src/main.o
 .debug_line    0x0000107f      0xa91 ./Core/Src/stm32f7xx_hal_msp.o
 .debug_line    0x00001b10      0x8e7 ./Core/Src/stm32f7xx_it.o
 .debug_line    0x000023f7      0x874 ./Core/Src/system_stm32f7xx.o
 .debug_line    0x00002c6b       0x7a ./Core/Startup/startup_stm32f746zgtx.o
 .debug_line    0x00002ce5      0xb27 ./Drivers/STM32F7xx_HAL_Driver/Src/stm32f7xx_hal.o
 .debug_line    0x0000380c     0x12ec ./Drivers/STM32F7xx_HAL_Driver/Src/stm32f7xx_hal_adc.o
 .debug_line    0x00004af8      0xda7 ./Drivers/STM32F7xx_HAL_Driver/Src/stm32f7xx_hal_cortex.o
 .debug_line    0x0000589f     0x1b07 ./Drivers/STM32F7xx_HAL_Driver/Src/stm32f7xx_hal_eth.o
 .debug_line    0x000073a6      0xc81 ./Drivers/STM32F7xx_HAL_Driver/Src/stm32f7xx_hal_gpio.o
 .debug_line    0x00008027     0x385e ./Drivers/STM32F7xx_HAL_Driver/Src/stm32f7xx_hal_i2c.o
 .debug_line    0x0000b885      0x8d2 ./Drivers/STM32F7xx_HAL_Driver/Src/stm32f7xx_hal_i2c_ex.o
 .debug_line    0x0000c157     0x14fb ./Drivers/STM32F7xx_HAL_Driver/Src/stm32f7xx_hal_pcd.o
 .debug_line    0x0000d652      0x912 ./Drivers/STM32F7xx_HAL_Driver/Src/stm32f7xx_hal_pcd_ex.o
 .debug_line    0x0000df64      0xa27 ./Drivers/STM32F7xx_HAL_Driver/Src/stm32f7xx_hal_pwr.o
 .debug_line    0x0000e98b     0x101c ./Drivers/STM32F7xx_HAL_Driver/Src/stm32f7xx_hal_rcc.o
 .debug_line    0x0000f9a7      0xf58 ./Drivers/STM32F7xx_HAL_Driver/Src/stm32f7xx_hal_rcc_ex.o
 .debug_line    0x000108ff     0x3dc2 ./Drivers/STM32F7xx_HAL_Driver/Src/stm32f7xx_hal_tim.o
 .debug_line    0x000146c1     0x1b55 ./Drivers/STM32F7xx_HAL_Driver/Src/stm32f7xx_hal_tim_ex.o
 .debug_line    0x00016216     0x2d62 ./Drivers/STM32F7xx_HAL_Driver/Src/stm32f7xx_hal_uart.o
 .debug_line    0x00018f78     0x1e08 ./Drivers/STM32F7xx_HAL_Driver/Src/stm32f7xx_ll_usb.o

.debug_str      0x00000000    0xfe422
 .debug_str     0x00000000    0xfe422 ./Core/Src/main.o
                              0xf86c8 (size before relaxing)
 .debug_str     0x000fe422        0x0 ./Core/Src/stm32f7xx_hal_msp.o
                              0xf56cf (size before relaxing)
 .debug_str     0x000fe422        0x0 ./Core/Src/stm32f7xx_it.o
                              0xf3d38 (size before relaxing)
 .debug_str     0x000fe422        0x0 ./Core/Src/system_stm32f7xx.o
                              0xf3335 (size before relaxing)
 .debug_str     0x000fe422        0x0 ./Core/Startup/startup_stm32f746zgtx.o
                                 0x7e (size before relaxing)
 .debug_str     0x000fe422        0x0 ./Drivers/STM32F7xx_HAL_Driver/Src/stm32f7xx_hal.o
                              0xf3c9e (size before relaxing)
 .debug_str     0x000fe422        0x0 ./Drivers/STM32F7xx_HAL_Driver/Src/stm32f7xx_hal_adc.o
                              0xf3835 (size before relaxing)
 .debug_str     0x000fe422        0x0 ./Drivers/STM32F7xx_HAL_Driver/Src/stm32f7xx_hal_cortex.o
                              0xf3cbb (size before relaxing)
 .debug_str     0x000fe422        0x0 ./Drivers/STM32F7xx_HAL_Driver/Src/stm32f7xx_hal_eth.o
                              0xf4b71 (size before relaxing)
 .debug_str     0x000fe422        0x0 ./Drivers/STM32F7xx_HAL_Driver/Src/stm32f7xx_hal_gpio.o
                              0xf33f3 (size before relaxing)
 .debug_str     0x000fe422        0x0 ./Drivers/STM32F7xx_HAL_Driver/Src/stm32f7xx_hal_i2c.o
                              0xf4548 (size before relaxing)
 .debug_str     0x000fe422        0x0 ./Drivers/STM32F7xx_HAL_Driver/Src/stm32f7xx_hal_i2c_ex.o
                              0xf37c7 (size before relaxing)
 .debug_str     0x000fe422        0x0 ./Drivers/STM32F7xx_HAL_Driver/Src/stm32f7xx_hal_pcd.o
                              0xf3d6e (size before relaxing)
 .debug_str     0x000fe422        0x0 ./Drivers/STM32F7xx_HAL_Driver/Src/stm32f7xx_hal_pcd_ex.o
                              0xf3670 (size before relaxing)
 .debug_str     0x000fe422        0x0 ./Drivers/STM32F7xx_HAL_Driver/Src/stm32f7xx_hal_pwr.o
                              0xf35d6 (size before relaxing)
 .debug_str     0x000fe422        0x0 ./Drivers/STM32F7xx_HAL_Driver/Src/stm32f7xx_hal_rcc.o
                              0xf3697 (size before relaxing)
 .debug_str     0x000fe422        0x0 ./Drivers/STM32F7xx_HAL_Driver/Src/stm32f7xx_hal_rcc_ex.o
                              0xf35cf (size before relaxing)
 .debug_str     0x000fe422        0x0 ./Drivers/STM32F7xx_HAL_Driver/Src/stm32f7xx_hal_tim.o
                              0xf4658 (size before relaxing)
 .debug_str     0x000fe422        0x0 ./Drivers/STM32F7xx_HAL_Driver/Src/stm32f7xx_hal_tim_ex.o
                              0xf3e9e (size before relaxing)
 .debug_str     0x000fe422        0x0 ./Drivers/STM32F7xx_HAL_Driver/Src/stm32f7xx_hal_uart.o
                              0xf3fe4 (size before relaxing)
 .debug_str     0x000fe422        0x0 ./Drivers/STM32F7xx_HAL_Driver/Src/stm32f7xx_ll_usb.o
                              0xf3c4b (size before relaxing)

.comment        0x00000000       0x86
 .comment       0x00000000       0x86 ./Core/Src/main.o
                                 0x44 (size before relaxing)
 .comment       0x00000086        0x0 ./Core/Src/stm32f7xx_hal_msp.o
                                 0x44 (size before relaxing)
 .comment       0x00000086        0x0 ./Core/Src/stm32f7xx_it.o
                                 0x44 (size before relaxing)
 .comment       0x00000086        0x0 ./Core/Src/system_stm32f7xx.o
                                 0x44 (size before relaxing)
 .comment       0x00000086        0x0 ./Drivers/STM32F7xx_HAL_Driver/Src/stm32f7xx_hal.o
                                 0x44 (size before relaxing)
 .comment       0x00000086        0x0 ./Drivers/STM32F7xx_HAL_Driver/Src/stm32f7xx_hal_adc.o
                                 0x44 (size before relaxing)
 .comment       0x00000086        0x0 ./Drivers/STM32F7xx_HAL_Driver/Src/stm32f7xx_hal_cortex.o
                                 0x44 (size before relaxing)
 .comment       0x00000086        0x0 ./Drivers/STM32F7xx_HAL_Driver/Src/stm32f7xx_hal_eth.o
                                 0x44 (size before relaxing)
 .comment       0x00000086        0x0 ./Drivers/STM32F7xx_HAL_Driver/Src/stm32f7xx_hal_gpio.o
                                 0x44 (size before relaxing)
 .comment       0x00000086        0x0 ./Drivers/STM32F7xx_HAL_Driver/Src/stm32f7xx_hal_i2c.o
                                 0x44 (size before relaxing)
 .comment       0x00000086        0x0 ./Drivers/STM32F7xx_HAL_Driver/Src/stm32f7xx_hal_i2c_ex.o
                                 0x44 (size before relaxing)
 .comment       0x00000086        0x0 ./Drivers/STM32F7xx_HAL_Driver/Src/stm32f7xx_hal_pcd.o
                                 0x44 (size before relaxing)
 .comment       0x00000086        0x0 ./Drivers/STM32F7xx_HAL_Driver/Src/stm32f7xx_hal_pcd_ex.o
                                 0x44 (size before relaxing)
 .comment       0x00000086        0x0 ./Drivers/STM32F7xx_HAL_Driver/Src/stm32f7xx_hal_pwr.o
                                 0x44 (size before relaxing)
 .comment       0x00000086        0x0 ./Drivers/STM32F7xx_HAL_Driver/Src/stm32f7xx_hal_rcc.o
                                 0x44 (size before relaxing)
 .comment       0x00000086        0x0 ./Drivers/STM32F7xx_HAL_Driver/Src/stm32f7xx_hal_rcc_ex.o
                                 0x44 (size before relaxing)
 .comment       0x00000086        0x0 ./Drivers/STM32F7xx_HAL_Driver/Src/stm32f7xx_hal_tim.o
                                 0x44 (size before relaxing)
 .comment       0x00000086        0x0 ./Drivers/STM32F7xx_HAL_Driver/Src/stm32f7xx_hal_tim_ex.o
                                 0x44 (size before relaxing)
 .comment       0x00000086        0x0 ./Drivers/STM32F7xx_HAL_Driver/Src/stm32f7xx_hal_uart.o
                                 0x44 (size before relaxing)
 .comment       0x00000086        0x0 ./Drivers/STM32F7xx_HAL_Driver/Src/stm32f7xx_ll_usb.o
                                 0x44 (size before relaxing)

.debug_frame    0x00000000     0x6058
 .debug_frame   0x00000000      0x230 ./Core/Src/main.o
 .debug_frame   0x00000230      0x1f4 ./Core/Src/stm32f7xx_hal_msp.o
 .debug_frame   0x00000424      0x13c ./Core/Src/stm32f7xx_it.o
 .debug_frame   0x00000560       0x58 ./Core/Src/system_stm32f7xx.o
 .debug_frame   0x000005b8      0x3b4 ./Drivers/STM32F7xx_HAL_Driver/Src/stm32f7xx_hal.o
 .debug_frame   0x0000096c      0x3fc ./Drivers/STM32F7xx_HAL_Driver/Src/stm32f7xx_hal_adc.o
 .debug_frame   0x00000d68      0x4e8 ./Drivers/STM32F7xx_HAL_Driver/Src/stm32f7xx_hal_cortex.o
 .debug_frame   0x00001250      0x8c0 ./Drivers/STM32F7xx_HAL_Driver/Src/stm32f7xx_hal_eth.o
 .debug_frame   0x00001b10      0x14c ./Drivers/STM32F7xx_HAL_Driver/Src/stm32f7xx_hal_gpio.o
 .debug_frame   0x00001c5c      0xc38 ./Drivers/STM32F7xx_HAL_Driver/Src/stm32f7xx_hal_i2c.o
 .debug_frame   0x00002894       0xb0 ./Drivers/STM32F7xx_HAL_Driver/Src/stm32f7xx_hal_i2c_ex.o
 .debug_frame   0x00002944      0x5b8 ./Drivers/STM32F7xx_HAL_Driver/Src/stm32f7xx_hal_pcd.o
 .debug_frame   0x00002efc      0x100 ./Drivers/STM32F7xx_HAL_Driver/Src/stm32f7xx_hal_pcd_ex.o
 .debug_frame   0x00002ffc      0x254 ./Drivers/STM32F7xx_HAL_Driver/Src/stm32f7xx_hal_pwr.o
 .debug_frame   0x00003250      0x1f8 ./Drivers/STM32F7xx_HAL_Driver/Src/stm32f7xx_hal_rcc.o
 .debug_frame   0x00003448      0x118 ./Drivers/STM32F7xx_HAL_Driver/Src/stm32f7xx_hal_rcc_ex.o
 .debug_frame   0x00003560     0x121c ./Drivers/STM32F7xx_HAL_Driver/Src/stm32f7xx_hal_tim.o
 .debug_frame   0x0000477c      0x688 ./Drivers/STM32F7xx_HAL_Driver/Src/stm32f7xx_hal_tim_ex.o
 .debug_frame   0x00004e04      0x9e8 ./Drivers/STM32F7xx_HAL_Driver/Src/stm32f7xx_hal_uart.o
 .debug_frame   0x000057ec      0x7c0 ./Drivers/STM32F7xx_HAL_Driver/Src/stm32f7xx_ll_usb.o
 .debug_frame   0x00005fac       0x20 C:/ST/STM32CubeIDE_1.18.0/STM32CubeIDE/plugins/com.st.stm32cube.ide.mcu.externaltools.gnu-tools-for-stm32.13.3.rel1.win32_1.0.100.202509120712/tools/bin/../lib/gcc/arm-none-eabi/13.3.1/../../../../arm-none-eabi/lib/thumb/v7e-m+fp/hard\libc_nano.a(libc_a-memset.o)
 .debug_frame   0x00005fcc       0x2c C:/ST/STM32CubeIDE_1.18.0/STM32CubeIDE/plugins/com.st.stm32cube.ide.mcu.externaltools.gnu-tools-for-stm32.13.3.rel1.win32_1.0.100.202509120712/tools/bin/../lib/gcc/arm-none-eabi/13.3.1/../../../../arm-none-eabi/lib/thumb/v7e-m+fp/hard\libc_nano.a(libc_a-init.o)
 .debug_frame   0x00005ff8       0x2c C:/ST/STM32CubeIDE_1.18.0/STM32CubeIDE/plugins/com.st.stm32cube.ide.mcu.externaltools.gnu-tools-for-stm32.13.3.rel1.win32_1.0.100.202509120712/tools/bin/../lib/gcc/arm-none-eabi/13.3.1/thumb/v7e-m+fp/hard\libgcc.a(_aeabi_uldivmod.o)
 .debug_frame   0x00006024       0x34 C:/ST/STM32CubeIDE_1.18.0/STM32CubeIDE/plugins/com.st.stm32cube.ide.mcu.externaltools.gnu-tools-for-stm32.13.3.rel1.win32_1.0.100.202509120712/tools/bin/../lib/gcc/arm-none-eabi/13.3.1/thumb/v7e-m+fp/hard\libgcc.a(_udivmoddi4.o)

.debug_line_str
                0x00000000       0x62
 .debug_line_str
                0x00000000       0x62 ./Core/Startup/startup_stm32f746zgtx.o
