../Core/Src/main.c:150:5:main	8	static
../Core/Src/main.c:210:6:SystemClock_Config	88	static
../Core/Src/main.c:260:13:MX_ADC3_Init	24	static
../Core/Src/main.c:312:13:MX_ETH_Init	8	static
../Core/Src/main.c:361:13:MX_I2C1_Init	8	static
../Core/Src/main.c:409:13:MX_TIM1_Init	40	static
../Core/Src/main.c:456:13:MX_TIM3_Init	40	static
../Core/Src/main.c:501:13:MX_TIM4_Init	40	static
../Core/Src/main.c:546:13:MX_USART3_UART_Init	8	static
../Core/Src/main.c:581:13:MX_USB_OTG_FS_PCD_Init	8	static
../Core/Src/main.c:616:13:MX_GPIO_Init	56	static
../Core/Src/main.c:713:9:crc8	32	static
../Core/Src/main.c:730:9:crcCalc	56	dynamic
../Core/Src/main.c:741:6:checkCRC	24	static
../Core/Src/main.c:749:6:HAL_TIM_PeriodElapsedCallback	24	static
../Core/Src/main.c:919:6:Error_Handler	4	static,ignoring_inline_asm
